<html>
<body>
<pre>
<h1>µVision Build Log</h1>
<h2>Tool Versions:</h2>
IDE-Version: µVision V5.29.0.0
Copyright (C) 2019 ARM Ltd and ARM Germany GmbH. All rights reserved.
License Information: Bassel Yasser, Sprints, LIC=----
 
Tool Versions:
Toolchain:       MDK-Lite  Version: 5.29.0.0
Toolchain Path:  C:\Keil_v5\ARM\ARMCC\Bin
C Compiler:      Armcc.exe V5.06 update 6 (build 750)
Assembler:       Armasm.exe V5.06 update 6 (build 750)
Linker/Locator:  ArmLink.exe V5.06 update 6 (build 750)
Library Manager: ArmAr.exe V5.06 update 6 (build 750)
Hex Converter:   FromElf.exe V5.06 update 6 (build 750)
CPU DLL:         SARMCM3.DLL V5.29.0.0
Dialog DLL:      DCM.DLL V1.17.3.0
Target DLL:      lmidk-agdi.dll V???
Dialog DLL:      TCM.DLL V1.36.5.0
 
<h2>Project:</h2>
D:\04_Sprints_ARM\Workespace\GPIO\led_v1.uvprojx
Project File Date:  06/15/2023

<h2>Output:</h2>
*** Using Compiler 'V5.06 update 6 (build 750)', folder: 'C:\Keil_v5\ARM\ARMCC\Bin'
Rebuild target 'Target 1'
compiling main.c...
main.c(13): warning:  #111-D: statement is unreachable
  	return 0;
main.c: 1 warning, 0 errors
compiling app.c...
.\MCAL\wdt\include\wdt_Interface.h(63): warning:  #1-D: last line of file ends without a newline
  #endif /*MCAL_WDT_INTERFACE_H_*/
.\MCAL\gpt\include\gpt_Interface.h(195): warning:  #1-D: last line of file ends without a newline
  #endif /*GPT_INTERFACE_H_*/
.\MCAL\systick\include\systick_Interface.h(126): warning:  #1-D: last line of file ends without a newline
  #endif /*SYSTICK_INTERFACE_H_*/
APP\app.c(127): warning:  #177-D: function "delay_ms"  was declared but never referenced
  static void delay_ms(uint32_ number_of_seconds)
APP\app.c: 4 warnings, 0 errors
compiling mgpio_Program.c...
MCAL\MGPIO\mgpio_Program.c(189): warning:  #188-D: enumerated type mixed with another type
  				NVIC_EnableIRQ(loc_u8_PortNum);
MCAL\MGPIO\mgpio_Program.c: 1 warning, 0 errors
compiling wdt_source.c...
.\MCAL\wdt\include\wdt_Interface.h(63): warning:  #1-D: last line of file ends without a newline
  #endif /*MCAL_WDT_INTERFACE_H_*/
MCAL\wdt\wdt_source.c: 1 warning, 0 errors
compiling systick_source.c...
.\MCAL\systick\include\systick_Private.h(21): warning:  #1-D: last line of file ends without a newline
  #endif /*SYSTICK_PRIVATE_H_*/
.\MCAL\systick\include\systick_Interface.h(126): warning:  #1-D: last line of file ends without a newline
  #endif /*SYSTICK_INTERFACE_H_*/
MCAL\systick\systick_source.c: 2 warnings, 0 errors
compiling gpt_source.c...
.\MCAL\gpt\include\gpt_Private.h(51): warning:  #1-D: last line of file ends without a newline
  #endif /*GPT_PRIVATE_H_*/
.\MCAL\gpt\include\gpt_Interface.h(195): warning:  #1-D: last line of file ends without a newline
  #endif /*GPT_INTERFACE_H_*/
.\MCAL\gpt\include\gpt_Config.h(30): warning:  #1-D: last line of file ends without a newline
  #endif /*GPT_PRIVATE_H_*/
MCAL\gpt\gpt_source.c(53): warning:  #177-D: variable "gl_pf_gpt_ch6_cbk"  was declared but never referenced
  static ptr_func_t gl_pf_gpt_ch6_cbk = NULL;
MCAL\gpt\gpt_source.c: 4 warnings, 0 errors
compiling led.c...
assembling startup_TM4C123.s...
compiling button.c...
compiling system_TM4C123.c...
RTE\Device\TM4C123GH6PM\system_TM4C123.c(421): warning:  #61-D: integer operation result is out of range
  uint32_t SystemCoreClock = __CORE_CLK;  /*!< System Clock Frequency (Core Clock)*/
RTE\Device\TM4C123GH6PM\system_TM4C123.c(591): warning:  #61-D: integer operation result is out of range
      SYSCTL->RCC2 = (RCC2_Val | (1UL<<11) | (1UL<<13));              /* set value with BYPASS, PWRDN set */
RTE\Device\TM4C123GH6PM\system_TM4C123.c(595): warning:  #61-D: integer operation result is out of range
      SYSCTL->RCC2 = (RCC2_Val | (1UL<<11));                          /* set value with BYPASS */
RTE\Device\TM4C123GH6PM\system_TM4C123.c(601): warning:  #61-D: integer operation result is out of range
           (((RCC2_Val & (1UL<<13)) == 0) && ((RCC2_Val & (1UL<<31)) != 0))   ) {
RTE\Device\TM4C123GH6PM\system_TM4C123.c(606): warning:  #61-D: integer operation result is out of range
      SYSCTL->RCC2 = (RCC2_Val);                                      /* set value */
RTE\Device\TM4C123GH6PM\system_TM4C123.c: 5 warnings, 0 errors
linking...
Program Size: Code=3804 RO-data=652 RW-data=104 ZI-data=664  
FromELF: creating hex file...
".\Objects\led_v1.axf" - 0 Error(s), 18 Warning(s).

<h2>Software Packages used:</h2>

Package Vendor: ARM
                http://www.keil.com/pack/ARM.CMSIS.5.9.0.pack
                ARM.CMSIS.5.9.0
                CMSIS (Common Microcontroller Software Interface Standard)
   * Component: CORE Version: 5.6.0

Package Vendor: Keil
                http://www.keil.com/pack/Keil.TM4C_DFP.1.1.0.pack
                Keil.TM4C_DFP.1.1.0
                Texas Instruments Tiva C Series Device Support and Examples
   * Component: Startup Version: 1.0.1

<h2>Collection of Component include folders:</h2>
  .\RTE\_Target_1
  C:\Users\hp\AppData\Local\Arm\Packs\ARM\CMSIS\5.9.0\CMSIS\Core\Include
  C:\Users\hp\AppData\Local\Arm\Packs\Keil\TM4C_DFP\1.1.0\Device\Include\TM4C123

<h2>Collection of Component Files used:</h2>

   * Component: ARM::CMSIS:CORE:5.6.0

   * Component: Keil::Device:Startup:1.0.1
      Source file:   Device\Source\system_TM4C123.c
      Source file:   Device\Source\ARM\startup_TM4C123.s
      Include file:  Device\Include\TM4C123\TM4C123.h
Build Time Elapsed:  00:00:05
</pre>
</body>
</html>
