<html>
<body>
<pre>
<h1>µVision Build Log</h1>
<h2>Tool Versions:</h2>
IDE-Version: µVision V5.29.0.0
Copyright (C) 2019 ARM Ltd and ARM Germany GmbH. All rights reserved.
License Information: Bassel Yasser, Sprints, LIC=----
 
Tool Versions:
Toolchain:       MDK-Lite  Version: 5.29.0.0
Toolchain Path:  C:\Keil_v5\ARM\ARMCC\Bin
C Compiler:      Armcc.exe V5.06 update 6 (build 750)
Assembler:       Armasm.exe V5.06 update 6 (build 750)
Linker/Locator:  ArmLink.exe V5.06 update 6 (build 750)
Library Manager: ArmAr.exe V5.06 update 6 (build 750)
Hex Converter:   FromElf.exe V5.06 update 6 (build 750)
CPU DLL:         SARMCM3.DLL V5.29.0.0
Dialog DLL:      DCM.DLL V1.17.3.0
Target DLL:      lmidk-agdi.dll V???
Dialog DLL:      TCM.DLL V1.36.5.0
 
<h2>Project:</h2>
D:\02_workspace\Aprints_ARM_Task\ARM_project\Sprints_ARM\project\code\Moving Car.uvprojx
Project File Date:  06/27/2023

<h2>Output:</h2>
*** Using Compiler 'V5.06 update 6 (build 750)', folder: 'C:\Keil_v5\ARM\ARMCC\Bin'
Rebuild target 'Target 1'
compiling button.c...
compiling led.c...
HAL\led\led.c(57): warning:  #188-D: enumerated type mixed with another type
  	return errorStatus;
HAL\led\led.c(77): warning:  #188-D: enumerated type mixed with another type
  	return errorStatus;
HAL\led\led.c(99): warning:  #188-D: enumerated type mixed with another type
  	return errorStatus;
HAL\led\led.c(120): warning:  #188-D: enumerated type mixed with another type
  	return errorStatus;
HAL\led\led.c: 4 warnings, 0 errors
compiling app.c...
compiling motor.c...
HAL\motor\motor.c(70): warning:  #111-D: statement is unreachable
          break;
HAL\motor\motor.c: 1 warning, 0 errors
compiling motor_config.c...
compiling car_control.c...
MANAER\car_control\car_control.c(55): warning:  #111-D: statement is unreachable
          break;
MANAER\car_control\car_control.c: 1 warning, 0 errors
compiling timerM_Program.c...
compiling DIO_prog.c...
MCAL\DIO\DIO_prog.c(178): warning:  #188-D: enumerated type mixed with another type
  		*ptr_enu_pin_state = (HWREG32(l_un32_gpio_base_address + GPIODATA+(1<<(ptr_str_pinconfig->enu_pin+2)))>>ptr_str_pinconfig->enu_pin);
MCAL\DIO\DIO_prog.c: 1 warning, 0 errors
compiling EXIT_prog.c...
compiling NVIC_prog.c...
compiling SYS_CONTROL_prog.c...
compiling main.c...
assembling startup_TM4C123.s...
compiling gpt_source.c...
compiling system_TM4C123.c...
linking...
Program Size: Code=5908 RO-data=668 RW-data=140 ZI-data=668  
".\Objects\Moving Car.axf" - 0 Error(s), 7 Warning(s).

<h2>Software Packages used:</h2>

Package Vendor: ARM
                http://www.keil.com/pack/ARM.CMSIS.5.9.0.pack
                ARM.CMSIS.5.9.0
                CMSIS (Common Microcontroller Software Interface Standard)
   * Component: CORE Version: 5.6.0

Package Vendor: Keil
                http://www.keil.com/pack/Keil.TM4C_DFP.1.1.0.pack
                Keil.TM4C_DFP.1.1.0
                Texas Instruments Tiva C Series Device Support and Examples
   * Component: Startup Version: 1.0.1

<h2>Collection of Component include folders:</h2>
  .\RTE\_Target_1
  C:\Users\hp\AppData\Local\Arm\Packs\ARM\CMSIS\5.9.0\CMSIS\Core\Include
  C:\Users\hp\AppData\Local\Arm\Packs\Keil\TM4C_DFP\1.1.0\Device\Include\TM4C123

<h2>Collection of Component Files used:</h2>

   * Component: ARM::CMSIS:CORE:5.6.0

   * Component: Keil::Device:Startup:1.0.1
      Include file:  Device\Include\TM4C123\TM4C123.h
      Source file:   Device\Source\ARM\startup_TM4C123.s
      Source file:   Device\Source\system_TM4C123.c
Build Time Elapsed:  00:00:08
</pre>
</body>
</html>
