<html>
<body>
<pre>
<h1>µVision Build Log</h1>
<h2>Tool Versions:</h2>
IDE-Version: µVision V5.29.0.0
Copyright (C) 2019 ARM Ltd and ARM Germany GmbH. All rights reserved.
License Information: Bassel Yasser, Sprints, LIC=----
 
Tool Versions:
Toolchain:       MDK-Lite  Version: 5.29.0.0
Toolchain Path:  C:\Keil_v5\ARM\ARMCC\Bin
C Compiler:      Armcc.exe V5.06 update 6 (build 750)
Assembler:       Armasm.exe V5.06 update 6 (build 750)
Linker/Locator:  ArmLink.exe V5.06 update 6 (build 750)
Library Manager: ArmAr.exe V5.06 update 6 (build 750)
Hex Converter:   FromElf.exe V5.06 update 6 (build 750)
CPU DLL:         SARMCM3.DLL V5.29.0.0
Dialog DLL:      DCM.DLL V1.17.3.0
Target DLL:      lmidk-agdi.dll V???
Dialog DLL:      TCM.DLL V1.36.5.0
 
<h2>Project:</h2>
D:\02_workspace\Aprints_ARM_Task\Brightness\Sprints_ARM\led_v3\code\LED_V3.uvprojx
Project File Date:  06/21/2023

<h2>Output:</h2>
*** Using Compiler 'V5.06 update 6 (build 750)', folder: 'C:\Keil_v5\ARM\ARMCC\Bin'
Rebuild target 'Target 1'
compiling main.c...
main.c(13): warning:  #111-D: statement is unreachable
  	return 0;
main.c: 1 warning, 0 errors
compiling mgpio_Program.c...
compiling gpt_source.c...
MCAL\gpt\gpt_source.c(1090): warning:  #177-D: variable "loc_s_bool_duty_flag"  was declared but never referenced
  	static boolean loc_s_bool_duty_flag = FALSE;
MCAL\gpt\gpt_source.c: 1 warning, 0 errors
compiling led.c...
compiling gpt_manager.c...
assembling startup_TM4C123.s...
compiling button.c...
compiling app.c...
APP\app.c(152): warning:  #186-D: pointless comparison of unsigned integer with zero
  	if(((duty/10) > u8_gs_duty_counter) && (0<= u8_gs_duty_counter))
APP\app.c: 1 warning, 0 errors
compiling system_TM4C123.c...
linking...
Program Size: Code=4624 RO-data=676 RW-data=100 ZI-data=636  
".\Objects\LED_V3.axf" - 0 Error(s), 3 Warning(s).

<h2>Software Packages used:</h2>

Package Vendor: ARM
                http://www.keil.com/pack/ARM.CMSIS.5.9.0.pack
                ARM.CMSIS.5.9.0
                CMSIS (Common Microcontroller Software Interface Standard)
   * Component: CORE Version: 5.6.0

Package Vendor: Keil
                http://www.keil.com/pack/Keil.TM4C_DFP.1.1.0.pack
                Keil.TM4C_DFP.1.1.0
                Texas Instruments Tiva C Series Device Support and Examples
   * Component: Startup Version: 1.0.1

<h2>Collection of Component include folders:</h2>
  .\RTE\_Target_1
  C:\Users\hp\AppData\Local\Arm\Packs\ARM\CMSIS\5.9.0\CMSIS\Core\Include
  C:\Users\hp\AppData\Local\Arm\Packs\Keil\TM4C_DFP\1.1.0\Device\Include\TM4C123

<h2>Collection of Component Files used:</h2>

   * Component: ARM::CMSIS:CORE:5.6.0

   * Component: Keil::Device:Startup:1.0.1
      Source file:   Device\Source\system_TM4C123.c
      Source file:   Device\Source\ARM\startup_TM4C123.s
      Include file:  Device\Include\TM4C123\TM4C123.h
Build Time Elapsed:  00:00:05
</pre>
</body>
</html>
