Component: ARM Compiler 5.06 update 6 (build 750) Tool: armlink [4d35ed]

==============================================================================

Section Cross References

    app.o(i.APP_longSide) refers to timerm_program.o(i.TIMM_u8Start) for TIMM_u8Start
    app.o(i.APP_longSide) refers to app.o(i.APP_longSideLed) for APP_longSideLed
    app.o(i.APP_longSide) refers to timerm_program.o(i.TIMM_vidStop) for TIMM_vidStop
    app.o(i.APP_longSide) refers to app.o(.data) for u8_gv_pwm
    app.o(i.APP_longSideLed) refers to led.o(i.HLED_on) for HLED_on
    app.o(i.APP_longSideLed) refers to led.o(i.HLED_off) for HLED_off
    app.o(i.APP_shortSide) refers to led.o(i.HLED_off) for HLED_off
    app.o(i.APP_shortSide) refers to timerm_program.o(i.TIMM_u8Start) for TIMM_u8Start
    app.o(i.APP_shortSide) refers to led.o(i.HLED_on) for HLED_on
    app.o(i.APP_shortSide) refers to timerm_program.o(i.TIMM_vidStop) for TIMM_vidStop
    app.o(i.APP_shortSide) refers to app.o(.data) for u8_gv_pwm
    app.o(i.APP_startState) refers to button.o(i.HButton_enable_INT) for HButton_enable_INT
    app.o(i.APP_startState) refers to timerm_program.o(i.TIMM_u8Start) for TIMM_u8Start
    app.o(i.APP_startState) refers to app.o(i.APP_longSide) for APP_longSide
    app.o(i.APP_startState) refers to app.o(i.APP_stop) for APP_stop
    app.o(i.APP_startState) refers to app.o(i.App_rotate) for App_rotate
    app.o(i.APP_startState) refers to app.o(i.APP_shortSide) for APP_shortSide
    app.o(i.APP_startState) refers to app.o(.data) for arr_str_g_btn_config
    app.o(i.APP_stop) refers to led.o(i.HLED_off) for HLED_off
    app.o(i.APP_stop) refers to led.o(i.HLED_on) for HLED_on
    app.o(i.APP_stopState) refers to button.o(i.HButton_disable_INT) for HButton_disable_INT
    app.o(i.APP_stopState) refers to timerm_program.o(i.TIMM_vidStop) for TIMM_vidStop
    app.o(i.APP_stopState) refers to app.o(i.APP_stop) for APP_stop
    app.o(i.APP_stopState) refers to button.o(i.HButton_getPinVal) for HButton_getPinVal
    app.o(i.APP_stopState) refers to timerm_program.o(i.TIMM_vidSynchDelay_ms) for TIMM_vidSynchDelay_ms
    app.o(i.APP_stopState) refers to app.o(.data) for arr_str_g_btn_config
    app.o(i.APP_vidInit) refers to led.o(i.HLED_Init) for HLED_Init
    app.o(i.APP_vidInit) refers to button.o(i.HButton_Init) for HButton_Init
    app.o(i.APP_vidInit) refers to button.o(i.HButton_initializa_with_int) for HButton_initializa_with_int
    app.o(i.APP_vidInit) refers to timerm_program.o(i.TIMM_u8Init) for TIMM_u8Init
    app.o(i.APP_vidInit) refers to app.o(.data) for arr_str_g_led_config
    app.o(i.APP_vidInit) refers to app.o(i.btn_stop_cbf) for btn_stop_cbf
    app.o(i.APP_vidStart) refers to app.o(i.APP_stopState) for APP_stopState
    app.o(i.APP_vidStart) refers to app.o(i.APP_startState) for APP_startState
    app.o(i.APP_vidStart) refers to app.o(.data) for u8_gs_v_progState
    app.o(i.App_rotate) refers to led.o(i.HLED_off) for HLED_off
    app.o(i.App_rotate) refers to timerm_program.o(i.TIMM_u8Start) for TIMM_u8Start
    app.o(i.App_rotate) refers to led.o(i.HLED_on) for HLED_on
    app.o(i.App_rotate) refers to timerm_program.o(i.TIMM_vidStop) for TIMM_vidStop
    app.o(i.App_rotate) refers to app.o(.data) for u8_gv_pwm
    app.o(i.btn_stop_cbf) refers to app.o(.data) for u8_gv_delay
    app.o(i.timer_1_cbf) refers to app.o(.data) for u8_gv_pwm
    app.o(i.timer_2_cbf) refers to app.o(.data) for u8_gv_delay
    app.o(.data) refers to app.o(i.timer_1_cbf) for timer_1_cbf
    app.o(.data) refers to app.o(i.timer_2_cbf) for timer_2_cbf
    button.o(i.HButton_Init) refers to dio_prog.o(i.dio_unlock_special_pin) for dio_unlock_special_pin
    button.o(i.HButton_Init) refers to dio_prog.o(i.dio_init_pin) for dio_init_pin
    button.o(i.HButton_Init) refers to button.o(.constdata) for .constdata
    button.o(i.HButton_disable_INT) refers to exit_prog.o(i.exit_disable_int) for exit_disable_int
    button.o(i.HButton_enable_INT) refers to exit_prog.o(i.exit_enable_int) for exit_enable_int
    button.o(i.HButton_getPinVal) refers to dio_prog.o(i.dio_read_pin) for dio_read_pin
    button.o(i.HButton_getPinVal) refers to button.o(.constdata) for .constdata
    button.o(i.HButton_initializa_with_int) refers to exit_prog.o(i.exit_init_pin) for exit_init_pin
    button.o(i.HButton_initializa_with_int) refers to exit_prog.o(i.exit_set_callback) for exit_set_callback
    led.o(i.HLED_Init) refers to dio_prog.o(i.dio_enable_clock) for dio_enable_clock
    led.o(i.HLED_Init) refers to dio_prog.o(i.dio_init_pin) for dio_init_pin
    led.o(i.HLED_Init) refers to led.o(.bss) for str_dio_led_init
    led.o(i.HLED_Init) refers to led.o(.data) for str_led_output_type_and_speed_and_state
    led.o(i.HLED_off) refers to dio_prog.o(i.dio_set_pin) for dio_set_pin
    led.o(i.HLED_off) refers to led.o(.bss) for str_dio_led_init
    led.o(i.HLED_on) refers to dio_prog.o(i.dio_set_pin) for dio_set_pin
[...]
    motor.o(i.motor_init) refers to dio_prog.o(i.dio_init_pin) for dio_init_pin
    motor.o(i.motor_init) refers to dio_prog.o(i.dio_enable_clock) for dio_enable_clock
    motor.o(i.motor_init) refers to motor.o(.constdata) for .constdata
    motor.o(i.motor_move) refers to dio_prog.o(i.dio_set_pin) for dio_set_pin
    motor.o(i.motor_move) refers to dio_prog.o(i.dio_enable_clock) for dio_enable_clock
    motor.o(i.motor_move) refers to motor.o(.constdata) for .constdata
    motor.o(i.motor_stop) refers to dio_prog.o(i.dio_set_pin) for dio_set_pin
    motor.o(i.motor_stop) refers to motor.o(.constdata) for .constdata
    car_control.o(i.car_init) refers to motor.o(i.motor_init) for motor_init
    car_control.o(i.car_move) refers to motor.o(i.motor_stop) for motor_stop
    car_control.o(i.car_move) refers to motor.o(i.motor_move) for motor_move
    car_control.o(i.car_stop) refers to motor.o(i.motor_stop) for motor_stop
    timerm_program.o(i.TIMM_u8Init) refers to gpt_source.o(i.GPT_u8Init) for GPT_u8Init
    timerm_program.o(i.TIMM_u8Start) refers to gpt_source.o(i.GPT_u8Start) for GPT_u8Start
    timerm_program.o(i.TIMM_vidStop) refers to gpt_source.o(i.GPT_vidStop) for GPT_vidStop
    timerm_program.o(i.TIMM_vidSynchDelay_ms) refers to gpt_source.o(i.GPT_u8Delay_ms) for GPT_u8Delay_ms
    timerm_program.o(i.TIMM_vidSynchDelay_s) refers to gpt_source.o(i.GPT_u8Delay_s) for GPT_u8Delay_s
    timerm_program.o(i.TIMM_vidSynchDelay_us) refers to gpt_source.o(i.GPT_u8Delay_us) for GPT_u8Delay_us
    dio_prog.o(i.dio_init_pin) refers to dio_prog.o(i.dio_get_base_address) for dio_get_base_address
    dio_prog.o(i.dio_init_pin) refers to dio_prog.o(i.dio_set_pin) for dio_set_pin
    dio_prog.o(i.dio_read_pin) refers to dio_prog.o(i.dio_get_base_address) for dio_get_base_address
    dio_prog.o(i.dio_set_pin) refers to dio_prog.o(i.dio_get_base_address) for dio_get_base_address
    dio_prog.o(i.dio_toggle_pin) refers to dio_prog.o(i.dio_get_base_address) for dio_get_base_address
    dio_prog.o(i.dio_toggle_pin) refers to dio_prog.o(i.dio_read_pin) for dio_read_pin
    dio_prog.o(i.dio_unlock_special_pin) refers to dio_prog.o(i.dio_get_base_address) for dio_get_base_address
    exit_prog.o(i.GPIOF_Handler) refers to exit_prog.o(.bss) for exit_callback
    exit_prog.o(i.exit_disable_int) refers to exit_prog.o(i.exit_get_base_address) for exit_get_base_address
    exit_prog.o(i.exit_enable_int) refers to exit_prog.o(i.exit_get_base_address) for exit_get_base_address
    exit_prog.o(i.exit_init_pin) refers to dio_prog.o(i.dio_enable_clock) for dio_enable_clock
    exit_prog.o(i.exit_init_pin) refers to exit_prog.o(i.exit_get_base_address) for exit_get_base_address
    exit_prog.o(i.exit_init_pin) refers to dio_prog.o(i.dio_unlock_special_pin) for dio_unlock_special_pin
    exit_prog.o(i.exit_init_pin) refers to dio_prog.o(i.dio_init_pin) for dio_init_pin
    exit_prog.o(i.exit_init_pin) refers to nvic_prog.o(i.nvic_EnablePeripheral) for nvic_EnablePeripheral
    exit_prog.o(i.exit_init_pin) refers to exit_prog.o(.data) for special_pins
    exit_prog.o(i.exit_set_callback) refers to exit_prog.o(.bss) for exit_callback
    gpt_source.o(i.GPT_u8Delay_ms) refers to gpt_source.o(.data) for Ls_bool_is_first_time
    gpt_source.o(i.GPT_u8Delay_ms) refers to system_tm4c123.o(.data) for SystemCoreClock
    gpt_source.o(i.GPT_u8Delay_s) refers to gpt_source.o(.data) for Ls_bool_is_first_time
    gpt_source.o(i.GPT_u8Delay_s) refers to system_tm4c123.o(.data) for SystemCoreClock
    gpt_source.o(i.GPT_u8Delay_us) refers to gpt_source.o(.data) for Ls_bool_is_first_time
    gpt_source.o(i.GPT_u8Delay_us) refers to system_tm4c123.o(.data) for SystemCoreClock
    gpt_source.o(i.GPT_u8DutyCycle) refers to dflt_clz.o(x$fpl$dfltu) for __aeabi_ui2d
    gpt_source.o(i.GPT_u8DutyCycle) refers to ddiv.o(x$fpl$ddiv) for __aeabi_ddiv
    gpt_source.o(i.GPT_u8DutyCycle) refers to dmul.o(x$fpl$dmul) for __aeabi_dmul
    gpt_source.o(i.GPT_u8DutyCycle) refers to dfixu.o(x$fpl$dfixu) for __aeabi_d2uiz
    gpt_source.o(i.GPT_u8DutyCycle) refers to gpt_source.o(i.set_tick_time) for set_tick_time
    gpt_source.o(i.GPT_u8DutyCycle) refers to gpt_source.o(.data) for gs_u32_duty_cycle
    gpt_source.o(i.GPT_u8GeneratePWM) refers to dflt_clz.o(x$fpl$dfltu) for __aeabi_ui2d
    gpt_source.o(i.GPT_u8GeneratePWM) refers to ddiv.o(x$fpl$ddiv) for __aeabi_ddiv
    gpt_source.o(i.GPT_u8GeneratePWM) refers to dfltll_clz.o(x$fpl$dfltull) for __aeabi_ul2d
    gpt_source.o(i.GPT_u8GeneratePWM) refers to dmul.o(x$fpl$dmul) for __aeabi_dmul
    gpt_source.o(i.GPT_u8GeneratePWM) refers to daddsub_clz.o(x$fpl$dsub) for __aeabi_dsub
    gpt_source.o(i.GPT_u8GeneratePWM) refers to dfixull.o(x$fpl$llufromd) for __aeabi_d2ulz
    gpt_source.o(i.GPT_u8GeneratePWM) refers to gpt_source.o(.data) for gs_bool_is_pwm_initialized
    gpt_source.o(i.GPT_u8GetCurrentVal) refers to gpt_source.o(.data) for gs_u32_is_initialized
    gpt_source.o(i.GPT_u8Init) refers to gpt_source.o(i.set_tick_time) for set_tick_time
    gpt_source.o(i.GPT_u8Init) refers to gpt_source.o(i.__NVIC_EnableIRQ) for __NVIC_EnableIRQ
    gpt_source.o(i.GPT_u8Init) refers to gpt_source.o(.data) for gs_en_channel_id
    gpt_source.o(i.GPT_u8PWMInit) refers to gpt_source.o(i.set_pwm_tick_time) for set_pwm_tick_time
    gpt_source.o(i.GPT_u8PWMInit) refers to gpt_source.o(i.__NVIC_EnableIRQ) for __NVIC_EnableIRQ
    gpt_source.o(i.GPT_u8PWMInit) refers to gpt_source.o(.data) for gs_en_pwm_channel_id
    gpt_source.o(i.GPT_u8PWMStart) refers to gpt_source.o(.data) for gs_bool_is_pwm_initialized
    gpt_source.o(i.GPT_u8PWMStop) refers to gpt_source.o(.data) for gs_en_pwm_channel_id
    gpt_source.o(i.GPT_u8Start) refers to gpt_source.o(.data) for gs_u32_is_initialized
    gpt_source.o(i.GPT_vidIRQDisable) refers to gpt_source.o(.data) for gs_en_channel_id
    gpt_source.o(i.GPT_vidIRQEnable) refers to gpt_source.o(.data) for gs_en_channel_id
    gpt_source.o(i.TIMER0A_Handler) refers to gpt_source.o(.data) for gs_pf_gpt_ch0_cbk
    gpt_source.o(i.TIMER1A_Handler) refers to gpt_source.o(.data) for gs_pf_gpt_ch1_cbk
    gpt_source.o(i.TIMER2A_Handler) refers to gpt_source.o(.data) for gs_pf_gpt_ch2_cbk
    gpt_source.o(i.TIMER3A_Handler) refers to gpt_source.o(.data) for gs_pf_gpt_ch3_cbk
    gpt_source.o(i.TIMER4A_Handler) refers to gpt_source.o(.data) for gs_pf_gpt_ch4_cbk
    gpt_source.o(i.TIMER5A_Handler) refers to gpt_source.o(.data) for gs_pf_gpt_ch5_cbk
    gpt_source.o(i.set_pwm_tick_time) refers to system_tm4c123.o(.data) for SystemCoreClock
    gpt_source.o(i.set_pwm_tick_time) refers to gpt_source.o(.data) for gs_u64_pwm_total_ticks
    gpt_source.o(i.set_tick_time) refers to gpt_source.o(.data) for gs_en_time_init
    gpt_source.o(i.set_tick_time) refers to system_tm4c123.o(.data) for SystemCoreClock
    main.o(i.main) refers to app.o(i.APP_vidInit) for APP_vidInit
    main.o(i.main) refers to app.o(i.APP_vidStart) for APP_vidStart
    startup_tm4c123.o(STACK) refers (Special) to heapauxi.o(.text) for __use_two_region_memory
    startup_tm4c123.o(HEAP) refers (Special) to heapauxi.o(.text) for __use_two_region_memory
    startup_tm4c123.o(RESET) refers (Special) to heapauxi.o(.text) for __use_two_region_memory
    startup_tm4c123.o(RESET) refers to startup_tm4c123.o(STACK) for __initial_sp
    startup_tm4c123.o(RESET) refers to startup_tm4c123.o(.text) for Reset_Handler
    startup_tm4c123.o(RESET) refers to gpt_source.o(i.TIMER0A_Handler) for TIMER0A_Handler
    startup_tm4c123.o(RESET) refers to gpt_source.o(i.TIMER1A_Handler) for TIMER1A_Handler
    startup_tm4c123.o(RESET) refers to gpt_source.o(i.TIMER2A_Handler) for TIMER2A_Handler
    startup_tm4c123.o(RESET) refers to exit_prog.o(i.GPIOF_Handler) for GPIOF_Handler
    startup_tm4c123.o(RESET) refers to gpt_source.o(i.TIMER3A_Handler) for TIMER3A_Handler
    startup_tm4c123.o(RESET) refers to gpt_source.o(i.TIMER4A_Handler) for TIMER4A_Handler
    startup_tm4c123.o(RESET) refers to gpt_source.o(i.TIMER5A_Handler) for TIMER5A_Handler
    startup_tm4c123.o(.text) refers (Special) to heapauxi.o(.text) for __use_two_region_memory
    startup_tm4c123.o(.text) refers to system_tm4c123.o(i.SystemInit) for SystemInit
    startup_tm4c123.o(.text) refers to __main.o(!!!main) for __main
    startup_tm4c123.o(.text) refers to startup_tm4c123.o(HEAP) for Heap_Mem
    startup_tm4c123.o(.text) refers to startup_tm4c123.o(STACK) for Stack_Mem
    system_tm4c123.o(i.SystemCoreClockUpdate) refers to system_tm4c123.o(i.getOscClk) for getOscClk
    system_tm4c123.o(i.SystemCoreClockUpdate) refers to system_tm4c123.o(.data) for SystemCoreClock
    __main.o(!!!main) refers to __rtentry.o(.ARM.Collect$$rtentry$$00000000) for __rt_entry
    daddsub_clz.o(x$fpl$dadd) refers (Special) to usenofp.o(x$fpl$usenofp) for __I$use$fp
    daddsub_clz.o(x$fpl$dadd) refers to daddsub_clz.o(x$fpl$dsub) for _dsub1
    daddsub_clz.o(x$fpl$dadd) refers to dretinf.o(x$fpl$dretinf) for __fpl_dretinf
    daddsub_clz.o(x$fpl$dadd) refers to dnaninf.o(x$fpl$dnaninf) for __fpl_dnaninf
    daddsub_clz.o(x$fpl$drsb) refers (Special) to usenofp.o(x$fpl$usenofp) for __I$use$fp
    daddsub_clz.o(x$fpl$drsb) refers to daddsub_clz.o(x$fpl$dadd) for _dadd1
    daddsub_clz.o(x$fpl$drsb) refers to daddsub_clz.o(x$fpl$dsub) for _dsub1
    daddsub_clz.o(x$fpl$dsub) refers (Special) to usenofp.o(x$fpl$usenofp) for __I$use$fp
    daddsub_clz.o(x$fpl$dsub) refers to daddsub_clz.o(x$fpl$dadd) for _dadd1
    daddsub_clz.o(x$fpl$dsub) refers to dnaninf.o(x$fpl$dnaninf) for __fpl_dnaninf
    ddiv.o(x$fpl$drdiv) refers (Special) to usenofp.o(x$fpl$usenofp) for __I$use$fp
    ddiv.o(x$fpl$drdiv) refers to ddiv.o(x$fpl$ddiv) for ddiv_entry
    ddiv.o(x$fpl$ddiv) refers (Special) to usenofp.o(x$fpl$usenofp) for __I$use$fp
    ddiv.o(x$fpl$ddiv) refers to dretinf.o(x$fpl$dretinf) for __fpl_dretinf
    ddiv.o(x$fpl$ddiv) refers to dnaninf.o(x$fpl$dnaninf) for __fpl_dnaninf
    dfixu.o(x$fpl$dfixu) refers (Special) to usenofp.o(x$fpl$usenofp) for __I$use$fp
    dfixu.o(x$fpl$dfixu) refers to dnaninf.o(x$fpl$dnaninf) for __fpl_dnaninf
    dfixu.o(x$fpl$dfixur) refers (Special) to usenofp.o(x$fpl$usenofp) for __I$use$fp
    dfixu.o(x$fpl$dfixur) refers to dnaninf.o(x$fpl$dnaninf) for __fpl_dnaninf
    dfixull.o(x$fpl$llufromd) refers (Special) to usenofp.o(x$fpl$usenofp) for __I$use$fp
    dfixull.o(x$fpl$llufromd) refers to dnaninf.o(x$fpl$dnaninf) for __fpl_dnaninf
    dfixull.o(x$fpl$llufromdr) refers (Special) to usenofp.o(x$fpl$usenofp) for __I$use$fp
    dfixull.o(x$fpl$llufromdr) refers to dnaninf.o(x$fpl$dnaninf) for __fpl_dnaninf
    dflt_clz.o(x$fpl$dfltu) refers (Special) to usenofp.o(x$fpl$usenofp) for __I$use$fp
    dflt_clz.o(x$fpl$dflt) refers (Special) to usenofp.o(x$fpl$usenofp) for __I$use$fp
    dflt_clz.o(x$fpl$dfltn) refers (Special) to usenofp.o(x$fpl$usenofp) for __I$use$fp
    dfltll_clz.o(x$fpl$dfltll) refers (Special) to usenofp.o(x$fpl$usenofp) for __I$use$fp
    dfltll_clz.o(x$fpl$dfltull) refers (Special) to usenofp.o(x$fpl$usenofp) for __I$use$fp
    dmul.o(x$fpl$dmul) refers (Special) to usenofp.o(x$fpl$usenofp) for __I$use$fp
    dmul.o(x$fpl$dmul) refers to dretinf.o(x$fpl$dretinf) for __fpl_dretinf
    dmul.o(x$fpl$dmul) refers to dnaninf.o(x$fpl$dnaninf) for __fpl_dnaninf
    __rtentry.o(.ARM.Collect$$rtentry$$00000000) refers (Special) to __rtentry2.o(.ARM.Collect$$rtentry$$0000000A) for __rt_entry_li
    __rtentry.o(.ARM.Collect$$rtentry$$00000000) refers (Special) to __rtentry2.o(.ARM.Collect$$rtentry$$0000000D) for __rt_entry_main
    __rtentry.o(.ARM.Collect$$rtentry$$00000000) refers (Special) to __rtentry2.o(.ARM.Collect$$rtentry$$0000000C) for __rt_entry_postli_1
    __rtentry.o(.ARM.Collect$$rtentry$$00000000) refers (Special) to __rtentry2.o(.ARM.Collect$$rtentry$$00000009) for __rt_entry_postsh_1
    __rtentry.o(.ARM.Collect$$rtentry$$00000000) refers (Special) to __rtentry2.o(.ARM.Collect$$rtentry$$00000002) for __rt_entry_presh_1
    __rtentry.o(.ARM.Collect$$rtentry$$00000000) refers (Special) to __rtentry4.o(.ARM.Collect$$rtentry$$00000004) for __rt_entry_sh
    dnaninf.o(x$fpl$dnaninf) refers (Special) to usenofp.o(x$fpl$usenofp) for __I$use$fp
    dretinf.o(x$fpl$dretinf) refers (Special) to usenofp.o(x$fpl$usenofp) for __I$use$fp
    __rtentry2.o(.ARM.Collect$$rtentry$$00000008) refers to boardinit2.o(.text) for _platform_post_stackheap_init
    __rtentry2.o(.ARM.Collect$$rtentry$$0000000A) refers to libinit.o(.ARM.Collect$$libinit$$00000000) for __rt_lib_init
    __rtentry2.o(.ARM.Collect$$rtentry$$0000000B) refers to boardinit3.o(.text) for _platform_post_lib_init
    __rtentry2.o(.ARM.Collect$$rtentry$$0000000D) refers to main.o(i.main) for main
    __rtentry2.o(.ARM.Collect$$rtentry$$0000000D) refers to exit.o(.text) for exit
    __rtentry2.o(.ARM.exidx) refers to __rtentry2.o(.ARM.Collect$$rtentry$$00000001) for .ARM.Collect$$rtentry$$00000001
    __rtentry2.o(.ARM.exidx) refers to __rtentry2.o(.ARM.Collect$$rtentry$$00000008) for .ARM.Collect$$rtentry$$00000008
    __rtentry2.o(.ARM.exidx) refers to __rtentry2.o(.ARM.Collect$$rtentry$$0000000A) for .ARM.Collect$$rtentry$$0000000A
    __rtentry2.o(.ARM.exidx) refers to __rtentry2.o(.ARM.Collect$$rtentry$$0000000B) for .ARM.Collect$$rtentry$$0000000B
    __rtentry2.o(.ARM.exidx) refers to __rtentry2.o(.ARM.Collect$$rtentry$$0000000D) for .ARM.Collect$$rtentry$$0000000D
    __rtentry4.o(.ARM.Collect$$rtentry$$00000004) refers to sys_stackheap_outer.o(.text) for __user_setup_stackheap
    __rtentry4.o(.ARM.exidx) refers to __rtentry4.o(.ARM.Collect$$rtentry$$00000004) for .ARM.Collect$$rtentry$$00000004
    sys_stackheap_outer.o(.text) refers to libspace.o(.text) for __user_perproc_libspace
    sys_stackheap_outer.o(.text) refers to startup_tm4c123.o(.text) for __user_initial_stackheap
    exit.o(.text) refers to rtexit.o(.ARM.Collect$$rtexit$$00000000) for __rt_exit
    libinit.o(.ARM.Collect$$libinit$$00000000) refers (Special) to libinit2.o(.ARM.Collect$$libinit$$0000002E) for __rt_lib_init_alloca_1
    libinit.o(.ARM.Collect$$libinit$$00000000) refers (Special) to libinit2.o(.ARM.Collect$$libinit$$0000002C) for __rt_lib_init_argv_1
    libinit.o(.ARM.Collect$$libinit$$00000000) refers (Special) to libinit2.o(.ARM.Collect$$libinit$$0000001B) for __rt_lib_init_atexit_1
    libinit.o(.ARM.Collect$$libinit$$00000000) refers (Special) to libinit2.o(.ARM.Collect$$libinit$$00000021) for __rt_lib_init_clock_1
    libinit.o(.ARM.Collect$$libinit$$00000000) refers (Special) to libinit2.o(.ARM.Collect$$libinit$$00000032) for __rt_lib_init_cpp_1
    libinit.o(.ARM.Collect$$libinit$$00000000) refers (Special) to libinit2.o(.ARM.Collect$$libinit$$00000030) for __rt_lib_init_exceptions_1
    libinit.o(.ARM.Collect$$libinit$$00000000) refers (Special) to libinit2.o(.ARM.Collect$$libinit$$00000001) for __rt_lib_init_fp_1
    libinit.o(.ARM.Collect$$libinit$$00000000) refers (Special) to libinit2.o(.ARM.Collect$$libinit$$0000001F) for __rt_lib_init_fp_trap_1
    libinit.o(.ARM.Collect$$libinit$$00000000) refers (Special) to libinit2.o(.ARM.Collect$$libinit$$00000023) for __rt_lib_init_getenv_1
    libinit.o(.ARM.Collect$$libinit$$00000000) refers (Special) to libinit2.o(.ARM.Collect$$libinit$$0000000A) for __rt_lib_init_heap_1
    libinit.o(.ARM.Collect$$libinit$$00000000) refers (Special) to libinit2.o(.ARM.Collect$$libinit$$00000011) for __rt_lib_init_lc_collate_1
    libinit.o(.ARM.Collect$$libinit$$00000000) refers (Special) to libinit2.o(.ARM.Collect$$libinit$$00000013) for __rt_lib_init_lc_ctype_1
    libinit.o(.ARM.Collect$$libinit$$00000000) refers (Special) to libinit2.o(.ARM.Collect$$libinit$$00000015) for __rt_lib_init_lc_monetary_1
    libinit.o(.ARM.Collect$$libinit$$00000000) refers (Special) to libinit2.o(.ARM.Collect$$libinit$$00000017) for __rt_lib_init_lc_numeric_1
    libinit.o(.ARM.Collect$$libinit$$00000000) refers (Special) to libinit2.o(.ARM.Collect$$libinit$$00000019) for __rt_lib_init_lc_time_1
    libinit.o(.ARM.Collect$$libinit$$00000000) refers (Special) to libinit2.o(.ARM.Collect$$libinit$$00000004) for __rt_lib_init_preinit_1
    libinit.o(.ARM.Collect$$libinit$$00000000) refers (Special) to libinit2.o(.ARM.Collect$$libinit$$0000000E) for __rt_lib_init_rand_1
    libinit.o(.ARM.Collect$$libinit$$00000000) refers (Special) to libinit2.o(.ARM.Collect$$libinit$$00000033) for __rt_lib_init_return
    libinit.o(.ARM.Collect$$libinit$$00000000) refers (Special) to libinit2.o(.ARM.Collect$$libinit$$0000001D) for __rt_lib_init_signal_1
    libinit.o(.ARM.Collect$$libinit$$00000000) refers (Special) to libinit2.o(.ARM.Collect$$libinit$$00000025) for __rt_lib_init_stdio_1
    libinit.o(.ARM.Collect$$libinit$$00000000) refers (Special) to libinit2.o(.ARM.Collect$$libinit$$0000000C) for __rt_lib_init_user_alloc_1
    libspace.o(.text) refers to libspace.o(.bss) for __libspace_start
    rtexit.o(.ARM.Collect$$rtexit$$00000000) refers (Special) to rtexit2.o(.ARM.Collect$$rtexit$$00000004) for __rt_exit_exit
    rtexit.o(.ARM.Collect$$rtexit$$00000000) refers (Special) to rtexit2.o(.ARM.Collect$$rtexit$$00000003) for __rt_exit_ls
    rtexit.o(.ARM.Collect$$rtexit$$00000000) refers (Special) to rtexit2.o(.ARM.Collect$$rtexit$$00000002) for __rt_exit_prels_1
    rtexit.o(.ARM.exidx) refers (Special) to rtexit2.o(.ARM.Collect$$rtexit$$00000004) for __rt_exit_exit
    rtexit.o(.ARM.exidx) refers (Special) to rtexit2.o(.ARM.Collect$$rtexit$$00000003) for __rt_exit_ls
    rtexit.o(.ARM.exidx) refers (Special) to rtexit2.o(.ARM.Collect$$rtexit$$00000002) for __rt_exit_prels_1
    rtexit.o(.ARM.exidx) refers to rtexit.o(.ARM.Collect$$rtexit$$00000000) for .ARM.Collect$$rtexit$$00000000
    libinit2.o(.ARM.Collect$$libinit$$00000001) refers to fpinit.o(x$fpl$fpinit) for _fp_init
    libinit2.o(.ARM.Collect$$libinit$$00000010) refers to libinit2.o(.ARM.Collect$$libinit$$0000000F) for .ARM.Collect$$libinit$$0000000F
    libinit2.o(.ARM.Collect$$libinit$$00000012) refers to libinit2.o(.ARM.Collect$$libinit$$0000000F) for .ARM.Collect$$libinit$$0000000F
    libinit2.o(.ARM.Collect$$libinit$$00000014) refers to libinit2.o(.ARM.Collect$$libinit$$0000000F) for .ARM.Collect$$libinit$$0000000F
    libinit2.o(.ARM.Collect$$libinit$$00000016) refers to libinit2.o(.ARM.Collect$$libinit$$0000000F) for .ARM.Collect$$libinit$$0000000F
    libinit2.o(.ARM.Collect$$libinit$$00000018) refers to libinit2.o(.ARM.Collect$$libinit$$0000000F) for .ARM.Collect$$libinit$$0000000F
    libinit2.o(.ARM.Collect$$libinit$$00000026) refers to argv_veneer.o(.emb_text) for __ARM_argv_veneer
    libinit2.o(.ARM.Collect$$libinit$$00000027) refers to argv_veneer.o(.emb_text) for __ARM_argv_veneer
    rtexit2.o(.ARM.Collect$$rtexit$$00000003) refers to libshutdown.o(.ARM.Collect$$libshutdown$$00000000) for __rt_lib_shutdown
    rtexit2.o(.ARM.Collect$$rtexit$$00000004) refers to sys_exit.o(.text) for _sys_exit
    rtexit2.o(.ARM.exidx) refers to rtexit2.o(.ARM.Collect$$rtexit$$00000001) for .ARM.Collect$$rtexit$$00000001
    rtexit2.o(.ARM.exidx) refers to rtexit2.o(.ARM.Collect$$rtexit$$00000003) for .ARM.Collect$$rtexit$$00000003
    rtexit2.o(.ARM.exidx) refers to rtexit2.o(.ARM.Collect$$rtexit$$00000004) for .ARM.Collect$$rtexit$$00000004
    argv_veneer.o(.emb_text) refers to no_argv.o(.text) for __ARM_get_argv
    sys_exit.o(.text) refers (Special) to use_no_semi.o(.text) for __I$use$semihosting
    sys_exit.o(.text) refers (Special) to indicate_semi.o(.text) for __semihosting_library_function
    _get_argv_nomalloc.o(.text) refers (Special) to hrguard.o(.text) for __heap_region$guard
    _get_argv_nomalloc.o(.text) refers to defsig_rtmem_outer.o(.text) for __rt_SIGRTMEM
    _get_argv_nomalloc.o(.text) refers to sys_command.o(.text) for _sys_command_string
    libshutdown.o(.ARM.Collect$$libshutdown$$00000000) refers (Special) to libshutdown2.o(.ARM.Collect$$libshutdown$$00000002) for __rt_lib_shutdown_cpp_1
    libshutdown.o(.ARM.Collect$$libshutdown$$00000000) refers (Special) to libshutdown2.o(.ARM.Collect$$libshutdown$$00000007) for __rt_lib_shutdown_fp_trap_1
    libshutdown.o(.ARM.Collect$$libshutdown$$00000000) refers (Special) to libshutdown2.o(.ARM.Collect$$libshutdown$$0000000F) for __rt_lib_shutdown_heap_1
    libshutdown.o(.ARM.Collect$$libshutdown$$00000000) refers (Special) to libshutdown2.o(.ARM.Collect$$libshutdown$$00000010) for __rt_lib_shutdown_return
    libshutdown.o(.ARM.Collect$$libshutdown$$00000000) refers (Special) to libshutdown2.o(.ARM.Collect$$libshutdown$$0000000A) for __rt_lib_shutdown_signal_1
    libshutdown.o(.ARM.Collect$$libshutdown$$00000000) refers (Special) to libshutdown2.o(.ARM.Collect$$libshutdown$$00000004) for __rt_lib_shutdown_stdio_1
    libshutdown.o(.ARM.Collect$$libshutdown$$00000000) refers (Special) to libshutdown2.o(.ARM.Collect$$libshutdown$$0000000C) for __rt_lib_shutdown_user_alloc_1
    sys_command.o(.text) refers (Special) to use_no_semi.o(.text) for __I$use$semihosting
    sys_command.o(.text) refers (Special) to indicate_semi.o(.text) for __semihosting_library_function
    defsig_rtmem_outer.o(.text) refers to defsig_rtmem_inner.o(.text) for __rt_SIGRTMEM_inner
    defsig_rtmem_outer.o(.text) refers to defsig_exit.o(.text) for __sig_exit
    defsig_rtmem_formal.o(.text) refers to rt_raise.o(.text) for __rt_raise
    rt_raise.o(.text) refers to __raise.o(.text) for __raise
    rt_raise.o(.text) refers to sys_exit.o(.text) for _sys_exit
    defsig_exit.o(.text) refers to sys_exit.o(.text) for _sys_exit
    defsig_rtmem_inner.o(.text) refers to defsig_general.o(.text) for __default_signal_display
    __raise.o(.text) refers to defsig.o(CL$$defsig) for __default_signal_handler
    defsig_general.o(.text) refers to sys_wrch.o(.text) for _ttywrch
    sys_wrch.o(.text) refers (Special) to use_no_semi.o(.text) for __I$use$semihosting
    sys_wrch.o(.text) refers (Special) to indicate_semi.o(.text) for __semihosting_library_function
    defsig.o(CL$$defsig) refers to defsig_rtmem_inner.o(.text) for __rt_SIGRTMEM_inner
    defsig_abrt_inner.o(.text) refers to defsig_general.o(.text) for __default_signal_display
    defsig_fpe_inner.o(.text) refers to defsig_general.o(.text) for __default_signal_display
    defsig_rtred_inner.o(.text) refers to defsig_general.o(.text) for __default_signal_display
    defsig_stak_inner.o(.text) refers to defsig_general.o(.text) for __default_signal_display
    defsig_pvfn_inner.o(.text) refers to defsig_general.o(.text) for __default_signal_display
    defsig_cppl_inner.o(.text) refers to defsig_general.o(.text) for __default_signal_display
    defsig_segv_inner.o(.text) refers to defsig_general.o(.text) for __default_signal_display
    defsig_other.o(.text) refers to defsig_general.o(.text) for __default_signal_display


==============================================================================

Removing Unused input sections from the image.

    Removing app.o(.constdata), (6 bytes).
    Removing led.o(i.HLED_toggle), (44 bytes).
    Removing motor.o(i.motor_init), (104 bytes).
    Removing motor.o(i.motor_move), (136 bytes).
    Removing motor.o(i.motor_stop), (88 bytes).
    Removing motor.o(.constdata), (46 bytes).
    Removing car_control.o(i.car_init), (36 bytes).
    Removing car_control.o(i.car_move), (148 bytes).
    Removing car_control.o(i.car_stop), (36 bytes).
    Removing timerm_program.o(i.TIMM_vidSynchDelay_s), (22 bytes).
    Removing timerm_program.o(i.TIMM_vidSynchDelay_us), (22 bytes).
    Removing dio_prog.o(i.dio_toggle_pin), (110 bytes).
    Removing gpt_source.o(.rev16_text), (4 bytes).
    Removing gpt_source.o(.revsh_text), (4 bytes).
    Removing gpt_source.o(.rrx_text), (6 bytes).
    Removing gpt_source.o(i.GPT_u8Delay_s), (596 bytes).
    Removing gpt_source.o(i.GPT_u8Delay_us), (608 bytes).
    Removing gpt_source.o(i.GPT_u8DutyCycle), (104 bytes).
    Removing gpt_source.o(i.GPT_u8GeneratePWM), (432 bytes).
    Removing gpt_source.o(i.GPT_u8GetCurrentVal), (120 bytes).
    Removing gpt_source.o(i.GPT_u8PWMInit), (932 bytes).
    Removing gpt_source.o(i.GPT_u8PWMStart), (104 bytes).
    Removing gpt_source.o(i.GPT_u8PWMStop), (88 bytes).
    Removing gpt_source.o(i.GPT_vidIRQDisable), (88 bytes).
    Removing gpt_source.o(i.GPT_vidIRQEnable), (88 bytes).
    Removing gpt_source.o(i.set_pwm_tick_time), (396 bytes).
    Removing nvic_prog.o(i.nvic_DisablePeripheral), (136 bytes).
    Removing sys_control_prog.o(i.sys_control_set_clock_system), (108 bytes).
    Removing system_tm4c123.o(.rev16_text), (4 bytes).
    Removing system_tm4c123.o(.revsh_text), (4 bytes).
    Removing system_tm4c123.o(.rrx_text), (6 bytes).
    Removing system_tm4c123.o(i.SystemCoreClockUpdate), (196 bytes).
    Removing system_tm4c123.o(i.getOscClk), (244 bytes).

33 unused section(s) (total 5066 bytes) removed from the image.

==============================================================================

Image Symbol Table

    Local Symbols

    Symbol Name                              Value     Ov Type        Size  Object(Section)

    RESET                                    0x00000000   Section      620  startup_tm4c123.o(RESET)
    ../clib/angel/boardlib.s                 0x00000000   Number         0  boardinit3.o ABSOLUTE
    ../clib/angel/boardlib.s                 0x00000000   Number         0  boardinit2.o ABSOLUTE
    ../clib/angel/boardlib.s                 0x00000000   Number         0  boardinit1.o ABSOLUTE
    ../clib/angel/boardlib.s                 0x00000000   Number         0  boardshut.o ABSOLUTE
    ../clib/angel/handlers.s                 0x00000000   Number         0  __scatter_copy.o ABSOLUTE
    ../clib/angel/handlers.s                 0x00000000   Number         0  __scatter_zi.o ABSOLUTE
    ../clib/angel/kernel.s                   0x00000000   Number         0  rtexit.o ABSOLUTE
    ../clib/angel/kernel.s                   0x00000000   Number         0  __rtentry4.o ABSOLUTE
    ../clib/angel/kernel.s                   0x00000000   Number         0  __rtentry2.o ABSOLUTE
    ../clib/angel/kernel.s                   0x00000000   Number         0  __rtentry.o ABSOLUTE
    ../clib/angel/kernel.s                   0x00000000   Number         0  rtexit2.o ABSOLUTE
    ../clib/angel/rt.s                       0x00000000   Number         0  rt_raise.o ABSOLUTE
    ../clib/angel/scatter.s                  0x00000000   Number         0  __scatter.o ABSOLUTE
    ../clib/angel/startup.s                  0x00000000   Number         0  __main.o ABSOLUTE
    ../clib/angel/sys.s                      0x00000000   Number         0  sys_stackheap_outer.o ABSOLUTE
    ../clib/angel/sys.s                      0x00000000   Number         0  libspace.o ABSOLUTE
    ../clib/angel/sys.s                      0x00000000   Number         0  use_no_semi.o ABSOLUTE
    ../clib/angel/sys.s                      0x00000000   Number         0  indicate_semi.o ABSOLUTE
    ../clib/angel/sysapp.c                   0x00000000   Number         0  sys_command.o ABSOLUTE
    ../clib/angel/sysapp.c                   0x00000000   Number         0  sys_wrch.o ABSOLUTE
    ../clib/angel/sysapp.c                   0x00000000   Number         0  sys_exit.o ABSOLUTE
    ../clib/armsys.c                         0x00000000   Number         0  argv_veneer.o ABSOLUTE
    ../clib/armsys.c                         0x00000000   Number         0  argv_veneer.o ABSOLUTE
    ../clib/armsys.c                         0x00000000   Number         0  _get_argv_nomalloc.o ABSOLUTE
    ../clib/armsys.c                         0x00000000   Number         0  no_argv.o ABSOLUTE
    ../clib/heapalloc.c                      0x00000000   Number         0  hrguard.o ABSOLUTE
    ../clib/heapaux.c                        0x00000000   Number         0  heapauxi.o ABSOLUTE
    ../clib/libinit.s                        0x00000000   Number         0  libinit2.o ABSOLUTE
    ../clib/libinit.s                        0x00000000   Number         0  libinit.o ABSOLUTE
    ../clib/libinit.s                        0x00000000   Number         0  libshutdown2.o ABSOLUTE
    ../clib/libinit.s                        0x00000000   Number         0  libshutdown.o ABSOLUTE
    ../clib/signal.c                         0x00000000   Number         0  defsig_fpe_inner.o ABSOLUTE
    ../clib/signal.c                         0x00000000   Number         0  defsig_abrt_inner.o ABSOLUTE
    ../clib/signal.c                         0x00000000   Number         0  __raise.o ABSOLUTE
    ../clib/signal.c                         0x00000000   Number         0  defsig_rtmem_inner.o ABSOLUTE
    ../clib/signal.c                         0x00000000   Number         0  defsig_exit.o ABSOLUTE
    ../clib/signal.c                         0x00000000   Number         0  defsig_rtmem_formal.o ABSOLUTE
    ../clib/signal.c                         0x00000000   Number         0  defsig_rtmem_outer.o ABSOLUTE
    ../clib/signal.c                         0x00000000   Number         0  defsig_general.o ABSOLUTE
    ../clib/signal.c                         0x00000000   Number         0  defsig_pvfn_inner.o ABSOLUTE
    ../clib/signal.c                         0x00000000   Number         0  defsig_other.o ABSOLUTE
    ../clib/signal.c                         0x00000000   Number         0  defsig_segv_inner.o ABSOLUTE
    ../clib/signal.c                         0x00000000   Number         0  defsig_cppl_inner.o ABSOLUTE
    ../clib/signal.c                         0x00000000   Number         0  defsig_stak_inner.o ABSOLUTE
    ../clib/signal.c                         0x00000000   Number         0  defsig_rtred_inner.o ABSOLUTE
    ../clib/signal.s                         0x00000000   Number         0  defsig.o ABSOLUTE
    ../clib/stdlib.c                         0x00000000   Number         0  exit.o ABSOLUTE
    ../fplib/daddsub.s                       0x00000000   Number         0  daddsub_clz.o ABSOLUTE
    ../fplib/ddiv.s                          0x00000000   Number         0  ddiv.o ABSOLUTE
    ../fplib/dfixu.s                         0x00000000   Number         0  dfixu.o ABSOLUTE
    ../fplib/dfixull.s                       0x00000000   Number         0  dfixull.o ABSOLUTE
    ../fplib/dflt.s                          0x00000000   Number         0  dflt_clz.o ABSOLUTE
    ../fplib/dfltll.s                        0x00000000   Number         0  dfltll_clz.o ABSOLUTE
    ../fplib/dmul.s                          0x00000000   Number         0  dmul.o ABSOLUTE
    ../fplib/dnaninf.s                       0x00000000   Number         0  dnaninf.o ABSOLUTE
    ../fplib/dretinf.s                       0x00000000   Number         0  dretinf.o ABSOLUTE
    ../fplib/fpinit.s                        0x00000000   Number         0  fpinit.o ABSOLUTE
    ../fplib/usenofp.s                       0x00000000   Number         0  usenofp.o ABSOLUTE
    APP\app.c                                0x00000000   Number         0  app.o ABSOLUTE
    HAL\button\button.c                      0x00000000   Number         0  button.o ABSOLUTE
    HAL\led\led.c                            0x00000000   Number         0  led.o ABSOLUTE
    HAL\motor\motor.c                        0x00000000   Number         0  motor.o ABSOLUTE
    HAL\motor\motor_config.c                 0x00000000   Number         0  motor_config.o ABSOLUTE
    MANAER\car_control\car_control.c         0x00000000   Number         0  car_control.o ABSOLUTE
    MCAL\DIO\DIO_prog.c                      0x00000000   Number         0  dio_prog.o ABSOLUTE
    MCAL\EXIT\EXIT_prog.c                    0x00000000   Number         0  exit_prog.o ABSOLUTE
    MCAL\NVIC\NVIC_prog.c                    0x00000000   Number         0  nvic_prog.o ABSOLUTE
    MCAL\SYS_CONTROL\SYS_CONTROL_prog.c      0x00000000   Number         0  sys_control_prog.o ABSOLUTE
    MCAL\\gpt\\gpt_source.c                  0x00000000   Number         0  gpt_source.o ABSOLUTE
    MCAL\gpt\gpt_source.c                    0x00000000   Number         0  gpt_source.o ABSOLUTE
    RTE\Device\TM4C123GH6PM\startup_TM4C123.s 0x00000000   Number         0  startup_tm4c123.o ABSOLUTE
    RTE\Device\TM4C123GH6PM\system_TM4C123.c 0x00000000   Number         0  system_tm4c123.o ABSOLUTE
    RTE\\Device\\TM4C123GH6PM\\system_TM4C123.c 0x00000000   Number         0  system_tm4c123.o ABSOLUTE
    SERVICE\timer_management\timerM_Program.c 0x00000000   Number         0  timerm_program.o ABSOLUTE
    dc.s                                     0x00000000   Number         0  dc.o ABSOLUTE
    main.c                                   0x00000000   Number         0  main.o ABSOLUTE
    !!!main                                  0x0000026c   Section        8  __main.o(!!!main)
    !!!scatter                               0x00000274   Section       52  __scatter.o(!!!scatter)
    !!handler_copy                           0x000002a8   Section       26  __scatter_copy.o(!!handler_copy)
    !!handler_zi                             0x000002c4   Section       28  __scatter_zi.o(!!handler_zi)
    .ARM.Collect$$libinit$$00000000          0x000002e0   Section        2  libinit.o(.ARM.Collect$$libinit$$00000000)
    .ARM.Collect$$libinit$$00000001          0x000002e2   Section        4  libinit2.o(.ARM.Collect$$libinit$$00000001)
    .ARM.Collect$$libinit$$00000004          0x000002e6   Section        0  libinit2.o(.ARM.Collect$$libinit$$00000004)
    .ARM.Collect$$libinit$$0000000A          0x000002e6   Section        0  libinit2.o(.ARM.Collect$$libinit$$0000000A)
    .ARM.Collect$$libinit$$0000000C          0x000002e6   Section        0  libinit2.o(.ARM.Collect$$libinit$$0000000C)
    .ARM.Collect$$libinit$$0000000E          0x000002e6   Section        0  libinit2.o(.ARM.Collect$$libinit$$0000000E)
    .ARM.Collect$$libinit$$00000011          0x000002e6   Section        0  libinit2.o(.ARM.Collect$$libinit$$00000011)
    .ARM.Collect$$libinit$$00000013          0x000002e6   Section        0  libinit2.o(.ARM.Collect$$libinit$$00000013)
    .ARM.Collect$$libinit$$00000015          0x000002e6   Section        0  libinit2.o(.ARM.Collect$$libinit$$00000015)
    .ARM.Collect$$libinit$$00000017          0x000002e6   Section        0  libinit2.o(.ARM.Collect$$libinit$$00000017)
    .ARM.Collect$$libinit$$00000019          0x000002e6   Section        0  libinit2.o(.ARM.Collect$$libinit$$00000019)
    .ARM.Collect$$libinit$$0000001B          0x000002e6   Section        0  libinit2.o(.ARM.Collect$$libinit$$0000001B)
    .ARM.Collect$$libinit$$0000001D          0x000002e6   Section        0  libinit2.o(.ARM.Collect$$libinit$$0000001D)
    .ARM.Collect$$libinit$$0000001F          0x000002e6   Section        0  libinit2.o(.ARM.Collect$$libinit$$0000001F)
    .ARM.Collect$$libinit$$00000021          0x000002e6   Section        0  libinit2.o(.ARM.Collect$$libinit$$00000021)
    .ARM.Collect$$libinit$$00000023          0x000002e6   Section        0  libinit2.o(.ARM.Collect$$libinit$$00000023)
    .ARM.Collect$$libinit$$00000025          0x000002e6   Section        0  libinit2.o(.ARM.Collect$$libinit$$00000025)
    .ARM.Collect$$libinit$$0000002C          0x000002e6   Section        0  libinit2.o(.ARM.Collect$$libinit$$0000002C)
    .ARM.Collect$$libinit$$0000002E          0x000002e6   Section        0  libinit2.o(.ARM.Collect$$libinit$$0000002E)
    .ARM.Collect$$libinit$$00000030          0x000002e6   Section        0  libinit2.o(.ARM.Collect$$libinit$$00000030)
    .ARM.Collect$$libinit$$00000032          0x000002e6   Section        0  libinit2.o(.ARM.Collect$$libinit$$00000032)
    .ARM.Collect$$libinit$$00000033          0x000002e6   Section        2  libinit2.o(.ARM.Collect$$libinit$$00000033)
    .ARM.Collect$$libshutdown$$00000000      0x000002e8   Section        2  libshutdown.o(.ARM.Collect$$libshutdown$$00000000)
    .ARM.Collect$$libshutdown$$00000002      0x000002ea   Section        0  libshutdown2.o(.ARM.Collect$$libshutdown$$00000002)
    .ARM.Collect$$libshutdown$$00000004      0x000002ea   Section        0  libshutdown2.o(.ARM.Collect$$libshutdown$$00000004)
    .ARM.Collect$$libshutdown$$00000007      0x000002ea   Section        0  libshutdown2.o(.ARM.Collect$$libshutdown$$00000007)
    .ARM.Collect$$libshutdown$$0000000A      0x000002ea   Section        0  libshutdown2.o(.ARM.Collect$$libshutdown$$0000000A)
    .ARM.Collect$$libshutdown$$0000000C      0x000002ea   Section        0  libshutdown2.o(.ARM.Collect$$libshutdown$$0000000C)
    .ARM.Collect$$libshutdown$$0000000F      0x000002ea   Section        0  libshutdown2.o(.ARM.Collect$$libshutdown$$0000000F)
    .ARM.Collect$$libshutdown$$00000010      0x000002ea   Section        2  libshutdown2.o(.ARM.Collect$$libshutdown$$00000010)
    .ARM.Collect$$rtentry$$00000000          0x000002ec   Section        0  __rtentry.o(.ARM.Collect$$rtentry$$00000000)
    .ARM.Collect$$rtentry$$00000002          0x000002ec   Section        0  __rtentry2.o(.ARM.Collect$$rtentry$$00000002)
    .ARM.Collect$$rtentry$$00000004          0x000002ec   Section        6  __rtentry4.o(.ARM.Collect$$rtentry$$00000004)
    .ARM.Collect$$rtentry$$00000009          0x000002f2   Section        0  __rtentry2.o(.ARM.Collect$$rtentry$$00000009)
    .ARM.Collect$$rtentry$$0000000A          0x000002f2   Section        4  __rtentry2.o(.ARM.Collect$$rtentry$$0000000A)
    .ARM.Collect$$rtentry$$0000000C          0x000002f6   Section        0  __rtentry2.o(.ARM.Collect$$rtentry$$0000000C)
    .ARM.Collect$$rtentry$$0000000D          0x000002f6   Section        8  __rtentry2.o(.ARM.Collect$$rtentry$$0000000D)
    .ARM.Collect$$rtexit$$00000000           0x000002fe   Section        2  rtexit.o(.ARM.Collect$$rtexit$$00000000)
    .ARM.Collect$$rtexit$$00000002           0x00000300   Section        0  rtexit2.o(.ARM.Collect$$rtexit$$00000002)
    .ARM.Collect$$rtexit$$00000003           0x00000300   Section        4  rtexit2.o(.ARM.Collect$$rtexit$$00000003)
    .ARM.Collect$$rtexit$$00000004           0x00000304   Section        6  rtexit2.o(.ARM.Collect$$rtexit$$00000004)
    .text                                    0x0000030c   Section      276  startup_tm4c123.o(.text)
    $v0                                      0x0000030c   Number         0  startup_tm4c123.o(.text)
    .text                                    0x00000420   Section        0  heapauxi.o(.text)
    .text                                    0x00000426   Section       74  sys_stackheap_outer.o(.text)
    .text                                    0x00000470   Section        0  exit.o(.text)
    .text                                    0x00000484   Section        8  libspace.o(.text)
    .text                                    0x0000048c   Section        0  sys_exit.o(.text)
    .text                                    0x00000498   Section        2  use_no_semi.o(.text)
    .text                                    0x0000049a   Section        0  indicate_semi.o(.text)
    i.APP_longSide                           0x0000049c   Section        0  app.o(i.APP_longSide)
    i.APP_longSideLed                        0x000004e4   Section        0  app.o(i.APP_longSideLed)
    i.APP_shortSide                          0x00000514   Section        0  app.o(i.APP_shortSide)
    i.APP_startState                         0x00000568   Section        0  app.o(i.APP_startState)
    i.APP_stop                               0x00000638   Section        0  app.o(i.APP_stop)
    i.APP_stopState                          0x00000650   Section        0  app.o(i.APP_stopState)
    i.APP_vidInit                            0x000006a4   Section        0  app.o(i.APP_vidInit)
    i.APP_vidStart                           0x000006f0   Section        0  app.o(i.APP_vidStart)
    i.App_rotate                             0x00000714   Section        0  app.o(i.App_rotate)
    i.GPIOF_Handler                          0x00000768   Section        0  exit_prog.o(i.GPIOF_Handler)
    i.GPT_u8Delay_ms                         0x000007c0   Section        0  gpt_source.o(i.GPT_u8Delay_ms)
    i.GPT_u8Init                             0x00000a1c   Section        0  gpt_source.o(i.GPT_u8Init)
    i.GPT_u8Start                            0x00000e68   Section        0  gpt_source.o(i.GPT_u8Start)
    i.GPT_vidStop                            0x00000ebc   Section        0  gpt_source.o(i.GPT_vidStop)
    i.HButton_Init                           0x00000efc   Section        0  button.o(i.HButton_Init)
    i.HButton_disable_INT                    0x00000f44   Section        0  button.o(i.HButton_disable_INT)
    i.HButton_enable_INT                     0x00000f66   Section        0  button.o(i.HButton_enable_INT)
    i.HButton_getPinVal                      0x00000f88   Section        0  button.o(i.HButton_getPinVal)
    i.HButton_initializa_with_int            0x00000ff4   Section        0  button.o(i.HButton_initializa_with_int)
    i.HLED_Init                              0x00001044   Section        0  led.o(i.HLED_Init)
    i.HLED_off                               0x000010d4   Section        0  led.o(i.HLED_off)
    i.HLED_on                                0x00001100   Section        0  led.o(i.HLED_on)
    i.SystemInit                             0x0000112c   Section        0  system_tm4c123.o(i.SystemInit)
    i.TIMER0A_Handler                        0x000011a4   Section        0  gpt_source.o(i.TIMER0A_Handler)
    i.TIMER1A_Handler                        0x000011c8   Section        0  gpt_source.o(i.TIMER1A_Handler)
    i.TIMER2A_Handler                        0x000011ec   Section        0  gpt_source.o(i.TIMER2A_Handler)
    i.TIMER3A_Handler                        0x00001200   Section        0  gpt_source.o(i.TIMER3A_Handler)
    i.TIMER4A_Handler                        0x00001214   Section        0  gpt_source.o(i.TIMER4A_Handler)
    i.TIMER5A_Handler                        0x00001228   Section        0  gpt_source.o(i.TIMER5A_Handler)
    i.TIMM_u8Init                            0x0000123c   Section        0  timerm_program.o(i.TIMM_u8Init)
    i.TIMM_u8Start                           0x0000124e   Section        0  timerm_program.o(i.TIMM_u8Start)
    i.TIMM_vidStop                           0x00001260   Section        0  timerm_program.o(i.TIMM_vidStop)
    i.TIMM_vidSynchDelay_ms                  0x0000126c   Section        0  timerm_program.o(i.TIMM_vidSynchDelay_ms)
    i.__NVIC_EnableIRQ                       0x00001282   Section        0  gpt_source.o(i.__NVIC_EnableIRQ)
    __NVIC_EnableIRQ                         0x00001283   Thumb Code    34  gpt_source.o(i.__NVIC_EnableIRQ)
    i.btn_stop_cbf                           0x000012a4   Section        0  app.o(i.btn_stop_cbf)
    i.dio_enable_clock                       0x000012c4   Section        0  dio_prog.o(i.dio_enable_clock)
    i.dio_get_base_address                   0x000012e0   Section        0  dio_prog.o(i.dio_get_base_address)
    dio_get_base_address                     0x000012e1   Thumb Code    50  dio_prog.o(i.dio_get_base_address)
    i.dio_init_pin                           0x00001328   Section        0  dio_prog.o(i.dio_init_pin)
    i.dio_read_pin                           0x00001412   Section        0  dio_prog.o(i.dio_read_pin)
    i.dio_set_pin                            0x00001444   Section        0  dio_prog.o(i.dio_set_pin)
    i.dio_unlock_special_pin                 0x000014a8   Section        0  dio_prog.o(i.dio_unlock_special_pin)
    i.exit_disable_int                       0x000014e0   Section        0  exit_prog.o(i.exit_disable_int)
    i.exit_enable_int                        0x0000150a   Section        0  exit_prog.o(i.exit_enable_int)
    i.exit_get_base_address                  0x00001534   Section        0  exit_prog.o(i.exit_get_base_address)
    exit_get_base_address                    0x00001535   Thumb Code    50  exit_prog.o(i.exit_get_base_address)
    i.exit_init_pin                          0x0000157c   Section        0  exit_prog.o(i.exit_init_pin)
    i.exit_set_callback                      0x000016b8   Section        0  exit_prog.o(i.exit_set_callback)
    i.main                                   0x000016d4   Section        0  main.o(i.main)
    i.nvic_EnablePeripheral                  0x000016e4   Section        0  nvic_prog.o(i.nvic_EnablePeripheral)
    i.set_tick_time                          0x0000176c   Section        0  gpt_source.o(i.set_tick_time)
    set_tick_time                            0x0000176d   Thumb Code   426  gpt_source.o(i.set_tick_time)
    i.timer_1_cbf                            0x00001934   Section        0  app.o(i.timer_1_cbf)
    i.timer_2_cbf                            0x00001944   Section        0  app.o(i.timer_2_cbf)
    x$fpl$fpinit                             0x00001954   Section       10  fpinit.o(x$fpl$fpinit)
    $v0                                      0x00001954   Number         0  fpinit.o(x$fpl$fpinit)
    .constdata                               0x00001960   Section       14  button.o(.constdata)
    .data                                    0x20000000   Section       52  app.o(.data)
    u8_gs_v_progState                        0x20000000   Data           1  app.o(.data)
    .data                                    0x20000034   Section        3  led.o(.data)
    .data                                    0x20000037   Section        2  exit_prog.o(.data)
    special_pins                             0x20000037   Data           2  exit_prog.o(.data)
    .data                                    0x20000040   Section       70  gpt_source.o(.data)
    gs_en_time_init                          0x20000040   Data           1  gpt_source.o(.data)
    gs_en_channel_id                         0x20000041   Data           1  gpt_source.o(.data)
    gs_en_pwm_channel_id                     0x20000042   Data           1  gpt_source.o(.data)
    gs_bool_is_PR_used                       0x20000043   Data           1  gpt_source.o(.data)
    gs_u32_is_initialized                    0x20000044   Data           4  gpt_source.o(.data)
    gs_bool_is_pwm_initialized               0x20000048   Data           1  gpt_source.o(.data)
    gs_u64_gpt_ticks                         0x20000050   Data           8  gpt_source.o(.data)
    gs_u64_pwm_total_ticks                   0x20000058   Data           8  gpt_source.o(.data)
    gs_u32_gpt_time                          0x20000060   Data           4  gpt_source.o(.data)
    gs_u32_duty_cycle                        0x20000064   Data           4  gpt_source.o(.data)
    gs_pf_gpt_ch0_cbk                        0x20000068   Data           4  gpt_source.o(.data)
    gs_pf_gpt_ch1_cbk                        0x2000006c   Data           4  gpt_source.o(.data)
    gs_pf_gpt_ch2_cbk                        0x20000070   Data           4  gpt_source.o(.data)
    gs_pf_gpt_ch3_cbk                        0x20000074   Data           4  gpt_source.o(.data)
    gs_pf_gpt_ch4_cbk                        0x20000078   Data           4  gpt_source.o(.data)
    gs_pf_gpt_ch5_cbk                        0x2000007c   Data           4  gpt_source.o(.data)
    Ls_bool_is_first_time                    0x20000080   Data           1  gpt_source.o(.data)
    Ls_en_prev_channel                       0x20000081   Data           1  gpt_source.o(.data)
    Ls_bool_is_first_time                    0x20000082   Data           1  gpt_source.o(.data)
    Ls_en_prev_channel                       0x20000083   Data           1  gpt_source.o(.data)
    Ls_bool_is_first_time                    0x20000084   Data           1  gpt_source.o(.data)
    Ls_en_prev_channel                       0x20000085   Data           1  gpt_source.o(.data)
    .data                                    0x20000088   Section        4  system_tm4c123.o(.data)
    .bss                                     0x2000008c   Section       30  led.o(.bss)
    .bss                                     0x200000ac   Section       28  exit_prog.o(.bss)
    exit_callback                            0x200000ac   Data          28  exit_prog.o(.bss)
    .bss                                     0x200000c8   Section       96  libspace.o(.bss)
    HEAP                                     0x20000128   Section        0  startup_tm4c123.o(HEAP)
    STACK                                    0x20000128   Section      512  startup_tm4c123.o(STACK)
    Heap_Mem                                 0x20000128   Data           0  startup_tm4c123.o(HEAP)
    Stack_Mem                                0x20000128   Data         512  startup_tm4c123.o(STACK)
    __initial_sp                             0x20000328   Data           0  startup_tm4c123.o(STACK)

    Global Symbols

    Symbol Name                              Value     Ov Type        Size  Object(Section)

    BuildAttributes$$THM_ISAv4$E$P$D$K$B$S$7EM$VFPi3$EXTD16$VFPS$VFMA$PE$A:L22UL41UL21$X:L11$S22US41US21$IEEE1$IW$USESV6$~STKCKD$USESV7$~SHL$OSPACE$ROPI$EBA8$UX$STANDARDLIB$REQ8$PRES8$EABIv2 0x00000000   Number         0  anon$$obj.o ABSOLUTE
    __ARM_use_no_argv                        0x00000000   Number         0  main.o ABSOLUTE
    __Vectors                                0x00000000   Data           4  startup_tm4c123.o(RESET)
    __ARM_exceptions_init                     - Undefined Weak Reference
    __alloca_initialize                       - Undefined Weak Reference
    __arm_preinit_                            - Undefined Weak Reference
    __cpp_initialize__aeabi_                  - Undefined Weak Reference
    __cxa_finalize                            - Undefined Weak Reference
    __rt_locale                               - Undefined Weak Reference
    __sigvec_lookup                           - Undefined Weak Reference
    _atexit_init                              - Undefined Weak Reference
    _call_atexit_fns                          - Undefined Weak Reference
    _clock_init                               - Undefined Weak Reference
    _fp_trap_init                             - Undefined Weak Reference
    _fp_trap_shutdown                         - Undefined Weak Reference
    _get_lc_collate                           - Undefined Weak Reference
    _get_lc_ctype                             - Undefined Weak Reference
    _get_lc_monetary                          - Undefined Weak Reference
    _get_lc_numeric                           - Undefined Weak Reference
    _get_lc_time                              - Undefined Weak Reference
    _getenv_init                              - Undefined Weak Reference
    _handle_redirection                       - Undefined Weak Reference
    _init_alloc                               - Undefined Weak Reference
    _init_user_alloc                          - Undefined Weak Reference
    _initio                                   - Undefined Weak Reference
    _rand_init                                - Undefined Weak Reference
    _signal_finish                            - Undefined Weak Reference
    _signal_init                              - Undefined Weak Reference
    _terminate_alloc                          - Undefined Weak Reference
    _terminate_user_alloc                     - Undefined Weak Reference
    _terminateio                              - Undefined Weak Reference
    __Vectors_End                            0x0000026c   Data           0  startup_tm4c123.o(RESET)
    __Vectors_Size                           0x0000026c   Number         0  startup_tm4c123.o ABSOLUTE
    __main                                   0x0000026d   Thumb Code     8  __main.o(!!!main)
    __scatterload                            0x00000275   Thumb Code     0  __scatter.o(!!!scatter)
    __scatterload_rt2                        0x00000275   Thumb Code    44  __scatter.o(!!!scatter)
    __scatterload_rt2_thumb_only             0x00000275   Thumb Code     0  __scatter.o(!!!scatter)
    __scatterload_null                       0x00000283   Thumb Code     0  __scatter.o(!!!scatter)
    __scatterload_copy                       0x000002a9   Thumb Code    26  __scatter_copy.o(!!handler_copy)
    __scatterload_zeroinit                   0x000002c5   Thumb Code    28  __scatter_zi.o(!!handler_zi)
    __rt_lib_init                            0x000002e1   Thumb Code     0  libinit.o(.ARM.Collect$$libinit$$00000000)
    __rt_lib_init_fp_1                       0x000002e3   Thumb Code     0  libinit2.o(.ARM.Collect$$libinit$$00000001)
    __rt_lib_init_alloca_1                   0x000002e7   Thumb Code     0  libinit2.o(.ARM.Collect$$libinit$$0000002E)
    __rt_lib_init_argv_1                     0x000002e7   Thumb Code     0  libinit2.o(.ARM.Collect$$libinit$$0000002C)
    __rt_lib_init_atexit_1                   0x000002e7   Thumb Code     0  libinit2.o(.ARM.Collect$$libinit$$0000001B)
    __rt_lib_init_clock_1                    0x000002e7   Thumb Code     0  libinit2.o(.ARM.Collect$$libinit$$00000021)
    __rt_lib_init_cpp_1                      0x000002e7   Thumb Code     0  libinit2.o(.ARM.Collect$$libinit$$00000032)
    __rt_lib_init_exceptions_1               0x000002e7   Thumb Code     0  libinit2.o(.ARM.Collect$$libinit$$00000030)
    __rt_lib_init_fp_trap_1                  0x000002e7   Thumb Code     0  libinit2.o(.ARM.Collect$$libinit$$0000001F)
    __rt_lib_init_getenv_1                   0x000002e7   Thumb Code     0  libinit2.o(.ARM.Collect$$libinit$$00000023)
    __rt_lib_init_heap_1                     0x000002e7   Thumb Code     0  libinit2.o(.ARM.Collect$$libinit$$0000000A)
    __rt_lib_init_lc_collate_1               0x000002e7   Thumb Code     0  libinit2.o(.ARM.Collect$$libinit$$00000011)
    __rt_lib_init_lc_ctype_1                 0x000002e7   Thumb Code     0  libinit2.o(.ARM.Collect$$libinit$$00000013)
    __rt_lib_init_lc_monetary_1              0x000002e7   Thumb Code     0  libinit2.o(.ARM.Collect$$libinit$$00000015)
    __rt_lib_init_lc_numeric_1               0x000002e7   Thumb Code     0  libinit2.o(.ARM.Collect$$libinit$$00000017)
    __rt_lib_init_lc_time_1                  0x000002e7   Thumb Code     0  libinit2.o(.ARM.Collect$$libinit$$00000019)
    __rt_lib_init_preinit_1                  0x000002e7   Thumb Code     0  libinit2.o(.ARM.Collect$$libinit$$00000004)
    __rt_lib_init_rand_1                     0x000002e7   Thumb Code     0  libinit2.o(.ARM.Collect$$libinit$$0000000E)
    __rt_lib_init_return                     0x000002e7   Thumb Code     0  libinit2.o(.ARM.Collect$$libinit$$00000033)
    __rt_lib_init_signal_1                   0x000002e7   Thumb Code     0  libinit2.o(.ARM.Collect$$libinit$$0000001D)
    __rt_lib_init_stdio_1                    0x000002e7   Thumb Code     0  libinit2.o(.ARM.Collect$$libinit$$00000025)
    __rt_lib_init_user_alloc_1               0x000002e7   Thumb Code     0  libinit2.o(.ARM.Collect$$libinit$$0000000C)
    __rt_lib_shutdown                        0x000002e9   Thumb Code     0  libshutdown.o(.ARM.Collect$$libshutdown$$00000000)
    __rt_lib_shutdown_cpp_1                  0x000002eb   Thumb Code     0  libshutdown2.o(.ARM.Collect$$libshutdown$$00000002)
    __rt_lib_shutdown_fp_trap_1              0x000002eb   Thumb Code     0  libshutdown2.o(.ARM.Collect$$libshutdown$$00000007)
    __rt_lib_shutdown_heap_1                 0x000002eb   Thumb Code     0  libshutdown2.o(.ARM.Collect$$libshutdown$$0000000F)
    __rt_lib_shutdown_return                 0x000002eb   Thumb Code     0  libshutdown2.o(.ARM.Collect$$libshutdown$$00000010)
    __rt_lib_shutdown_signal_1               0x000002eb   Thumb Code     0  libshutdown2.o(.ARM.Collect$$libshutdown$$0000000A)
    __rt_lib_shutdown_stdio_1                0x000002eb   Thumb Code     0  libshutdown2.o(.ARM.Collect$$libshutdown$$00000004)
    __rt_lib_shutdown_user_alloc_1           0x000002eb   Thumb Code     0  libshutdown2.o(.ARM.Collect$$libshutdown$$0000000C)
    __rt_entry                               0x000002ed   Thumb Code     0  __rtentry.o(.ARM.Collect$$rtentry$$00000000)
    __rt_entry_presh_1                       0x000002ed   Thumb Code     0  __rtentry2.o(.ARM.Collect$$rtentry$$00000002)
    __rt_entry_sh                            0x000002ed   Thumb Code     0  __rtentry4.o(.ARM.Collect$$rtentry$$00000004)
    __rt_entry_li                            0x000002f3   Thumb Code     0  __rtentry2.o(.ARM.Collect$$rtentry$$0000000A)
    __rt_entry_postsh_1                      0x000002f3   Thumb Code     0  __rtentry2.o(.ARM.Collect$$rtentry$$00000009)
    __rt_entry_main                          0x000002f7   Thumb Code     0  __rtentry2.o(.ARM.Collect$$rtentry$$0000000D)
    __rt_entry_postli_1                      0x000002f7   Thumb Code     0  __rtentry2.o(.ARM.Collect$$rtentry$$0000000C)
    __rt_exit                                0x000002ff   Thumb Code     0  rtexit.o(.ARM.Collect$$rtexit$$00000000)
    __rt_exit_ls                             0x00000301   Thumb Code     0  rtexit2.o(.ARM.Collect$$rtexit$$00000003)
    __rt_exit_prels_1                        0x00000301   Thumb Code     0  rtexit2.o(.ARM.Collect$$rtexit$$00000002)
    __rt_exit_exit                           0x00000305   Thumb Code     0  rtexit2.o(.ARM.Collect$$rtexit$$00000004)
    Reset_Handler                            0x0000030d   Thumb Code     8  startup_tm4c123.o(.text)
    NMI_Handler                              0x00000315   Thumb Code     2  startup_tm4c123.o(.text)
    HardFault_Handler                        0x00000317   Thumb Code     2  startup_tm4c123.o(.text)
    MemManage_Handler                        0x00000319   Thumb Code     2  startup_tm4c123.o(.text)
    BusFault_Handler                         0x0000031b   Thumb Code     2  startup_tm4c123.o(.text)
    UsageFault_Handler                       0x0000031d   Thumb Code     2  startup_tm4c123.o(.text)
    SVC_Handler                              0x0000031f   Thumb Code     2  startup_tm4c123.o(.text)
    DebugMon_Handler                         0x00000321   Thumb Code     2  startup_tm4c123.o(.text)
    PendSV_Handler                           0x00000323   Thumb Code     2  startup_tm4c123.o(.text)
    SysTick_Handler                          0x00000325   Thumb Code     2  startup_tm4c123.o(.text)
    GPIOA_Handler                            0x00000327   Thumb Code     2  startup_tm4c123.o(.text)
    GPIOB_Handler                            0x00000329   Thumb Code     2  startup_tm4c123.o(.text)
    GPIOC_Handler                            0x0000032b   Thumb Code     2  startup_tm4c123.o(.text)
    GPIOD_Handler                            0x0000032d   Thumb Code     2  startup_tm4c123.o(.text)
    GPIOE_Handler                            0x0000032f   Thumb Code     2  startup_tm4c123.o(.text)
    UART0_Handler                            0x00000331   Thumb Code     2  startup_tm4c123.o(.text)
    UART1_Handler                            0x00000333   Thumb Code     2  startup_tm4c123.o(.text)
    SSI0_Handler                             0x00000335   Thumb Code     2  startup_tm4c123.o(.text)
    I2C0_Handler                             0x00000337   Thumb Code     2  startup_tm4c123.o(.text)
    PMW0_FAULT_Handler                       0x00000339   Thumb Code     2  startup_tm4c123.o(.text)
    PWM0_0_Handler                           0x0000033b   Thumb Code     2  startup_tm4c123.o(.text)
    PWM0_1_Handler                           0x0000033d   Thumb Code     2  startup_tm4c123.o(.text)
    PWM0_2_Handler                           0x0000033f   Thumb Code     2  startup_tm4c123.o(.text)
    QEI0_Handler                             0x00000341   Thumb Code     2  startup_tm4c123.o(.text)
    ADC0SS0_Handler                          0x00000343   Thumb Code     2  startup_tm4c123.o(.text)
    ADC0SS1_Handler                          0x00000345   Thumb Code     2  startup_tm4c123.o(.text)
    ADC0SS2_Handler                          0x00000347   Thumb Code     2  startup_tm4c123.o(.text)
    ADC0SS3_Handler                          0x00000349   Thumb Code     2  startup_tm4c123.o(.text)
    WDT0_Handler                             0x0000034b   Thumb Code     2  startup_tm4c123.o(.text)
    TIMER0B_Handler                          0x0000034f   Thumb Code     2  startup_tm4c123.o(.text)
    TIMER1B_Handler                          0x00000353   Thumb Code     2  startup_tm4c123.o(.text)
    TIMER2B_Handler                          0x00000357   Thumb Code     2  startup_tm4c123.o(.text)
    COMP0_Handler                            0x00000359   Thumb Code     2  startup_tm4c123.o(.text)
    COMP1_Handler                            0x0000035b   Thumb Code     2  startup_tm4c123.o(.text)
    COMP2_Handler                            0x0000035d   Thumb Code     2  startup_tm4c123.o(.text)
    SYSCTL_Handler                           0x0000035f   Thumb Code     2  startup_tm4c123.o(.text)
    FLASH_Handler                            0x00000361   Thumb Code     2  startup_tm4c123.o(.text)
    GPIOG_Handler                            0x00000365   Thumb Code     2  startup_tm4c123.o(.text)
    GPIOH_Handler                            0x00000367   Thumb Code     2  startup_tm4c123.o(.text)
    UART2_Handler                            0x00000369   Thumb Code     2  startup_tm4c123.o(.text)
    SSI1_Handler                             0x0000036b   Thumb Code     2  startup_tm4c123.o(.text)
    TIMER3B_Handler                          0x0000036f   Thumb Code     2  startup_tm4c123.o(.text)
    I2C1_Handler                             0x00000371   Thumb Code     2  startup_tm4c123.o(.text)
    QEI1_Handler                             0x00000373   Thumb Code     2  startup_tm4c123.o(.text)
    CAN0_Handler                             0x00000375   Thumb Code     2  startup_tm4c123.o(.text)
    CAN1_Handler                             0x00000377   Thumb Code     2  startup_tm4c123.o(.text)
    CAN2_Handler                             0x00000379   Thumb Code     2  startup_tm4c123.o(.text)
    HIB_Handler                              0x0000037b   Thumb Code     2  startup_tm4c123.o(.text)
    USB0_Handler                             0x0000037d   Thumb Code     2  startup_tm4c123.o(.text)
    PWM0_3_Handler                           0x0000037f   Thumb Code     2  startup_tm4c123.o(.text)
    UDMA_Handler                             0x00000381   Thumb Code     2  startup_tm4c123.o(.text)
    UDMAERR_Handler                          0x00000383   Thumb Code     2  startup_tm4c123.o(.text)
    ADC1SS0_Handler                          0x00000385   Thumb Code     2  startup_tm4c123.o(.text)
    ADC1SS1_Handler                          0x00000387   Thumb Code     2  startup_tm4c123.o(.text)
    ADC1SS2_Handler                          0x00000389   Thumb Code     2  startup_tm4c123.o(.text)
    ADC1SS3_Handler                          0x0000038b   Thumb Code     2  startup_tm4c123.o(.text)
    GPIOJ_Handler                            0x0000038d   Thumb Code     2  startup_tm4c123.o(.text)
    GPIOK_Handler                            0x0000038f   Thumb Code     2  startup_tm4c123.o(.text)
    GPIOL_Handler                            0x00000391   Thumb Code     2  startup_tm4c123.o(.text)
    SSI2_Handler                             0x00000393   Thumb Code     2  startup_tm4c123.o(.text)
    SSI3_Handler                             0x00000395   Thumb Code     2  startup_tm4c123.o(.text)
    UART3_Handler                            0x00000397   Thumb Code     2  startup_tm4c123.o(.text)
    UART4_Handler                            0x00000399   Thumb Code     2  startup_tm4c123.o(.text)
    UART5_Handler                            0x0000039b   Thumb Code     2  startup_tm4c123.o(.text)
    UART6_Handler                            0x0000039d   Thumb Code     2  startup_tm4c123.o(.text)
    UART7_Handler                            0x0000039f   Thumb Code     2  startup_tm4c123.o(.text)
    I2C2_Handler                             0x000003a1   Thumb Code     2  startup_tm4c123.o(.text)
    I2C3_Handler                             0x000003a3   Thumb Code     2  startup_tm4c123.o(.text)
    TIMER4B_Handler                          0x000003a7   Thumb Code     2  startup_tm4c123.o(.text)
    TIMER5B_Handler                          0x000003ab   Thumb Code     2  startup_tm4c123.o(.text)
    WTIMER0A_Handler                         0x000003ad   Thumb Code     2  startup_tm4c123.o(.text)
    WTIMER0B_Handler                         0x000003af   Thumb Code     2  startup_tm4c123.o(.text)
    WTIMER1A_Handler                         0x000003b1   Thumb Code     2  startup_tm4c123.o(.text)
    WTIMER1B_Handler                         0x000003b3   Thumb Code     2  startup_tm4c123.o(.text)
    WTIMER2A_Handler                         0x000003b5   Thumb Code     2  startup_tm4c123.o(.text)
    WTIMER2B_Handler                         0x000003b7   Thumb Code     2  startup_tm4c123.o(.text)
    WTIMER3A_Handler                         0x000003b9   Thumb Code     2  startup_tm4c123.o(.text)
    WTIMER3B_Handler                         0x000003bb   Thumb Code     2  startup_tm4c123.o(.text)
    WTIMER4A_Handler                         0x000003bd   Thumb Code     2  startup_tm4c123.o(.text)
    WTIMER4B_Handler                         0x000003bf   Thumb Code     2  startup_tm4c123.o(.text)
    WTIMER5A_Handler                         0x000003c1   Thumb Code     2  startup_tm4c123.o(.text)
    WTIMER5B_Handler                         0x000003c3   Thumb Code     2  startup_tm4c123.o(.text)
    FPU_Handler                              0x000003c5   Thumb Code     2  startup_tm4c123.o(.text)
    I2C4_Handler                             0x000003c7   Thumb Code     2  startup_tm4c123.o(.text)
    I2C5_Handler                             0x000003c9   Thumb Code     2  startup_tm4c123.o(.text)
    GPIOM_Handler                            0x000003cb   Thumb Code     2  startup_tm4c123.o(.text)
    GPION_Handler                            0x000003cd   Thumb Code     2  startup_tm4c123.o(.text)
    QEI2_Handler                             0x000003cf   Thumb Code     2  startup_tm4c123.o(.text)
    GPIOP0_Handler                           0x000003d1   Thumb Code     2  startup_tm4c123.o(.text)
    GPIOP1_Handler                           0x000003d3   Thumb Code     2  startup_tm4c123.o(.text)
    GPIOP2_Handler                           0x000003d5   Thumb Code     2  startup_tm4c123.o(.text)
    GPIOP3_Handler                           0x000003d7   Thumb Code     2  startup_tm4c123.o(.text)
    GPIOP4_Handler                           0x000003d9   Thumb Code     2  startup_tm4c123.o(.text)
    GPIOP5_Handler                           0x000003db   Thumb Code     2  startup_tm4c123.o(.text)
    GPIOP6_Handler                           0x000003dd   Thumb Code     2  startup_tm4c123.o(.text)
    GPIOP7_Handler                           0x000003df   Thumb Code     2  startup_tm4c123.o(.text)
    GPIOQ0_Handler                           0x000003e1   Thumb Code     2  startup_tm4c123.o(.text)
    GPIOQ1_Handler                           0x000003e3   Thumb Code     2  startup_tm4c123.o(.text)
    GPIOQ2_Handler                           0x000003e5   Thumb Code     2  startup_tm4c123.o(.text)
    GPIOQ3_Handler                           0x000003e7   Thumb Code     2  startup_tm4c123.o(.text)
    GPIOQ4_Handler                           0x000003e9   Thumb Code     2  startup_tm4c123.o(.text)
    GPIOQ5_Handler                           0x000003eb   Thumb Code     2  startup_tm4c123.o(.text)
    GPIOQ6_Handler                           0x000003ed   Thumb Code     2  startup_tm4c123.o(.text)
    GPIOQ7_Handler                           0x000003ef   Thumb Code     2  startup_tm4c123.o(.text)
    GPIOR_Handler                            0x000003f1   Thumb Code     2  startup_tm4c123.o(.text)
    GPIOS_Handler                            0x000003f3   Thumb Code     2  startup_tm4c123.o(.text)
    PMW1_0_Handler                           0x000003f5   Thumb Code     2  startup_tm4c123.o(.text)
    PWM1_1_Handler                           0x000003f7   Thumb Code     2  startup_tm4c123.o(.text)
    PWM1_2_Handler                           0x000003f9   Thumb Code     2  startup_tm4c123.o(.text)
    PWM1_3_Handler                           0x000003fb   Thumb Code     2  startup_tm4c123.o(.text)
    PWM1_FAULT_Handler                       0x000003fd   Thumb Code     2  startup_tm4c123.o(.text)
    __user_initial_stackheap                 0x00000401   Thumb Code     0  startup_tm4c123.o(.text)
    __use_two_region_memory                  0x00000421   Thumb Code     2  heapauxi.o(.text)
    __rt_heap_escrow$2region                 0x00000423   Thumb Code     2  heapauxi.o(.text)
    __rt_heap_expand$2region                 0x00000425   Thumb Code     2  heapauxi.o(.text)
    __user_setup_stackheap                   0x00000427   Thumb Code    74  sys_stackheap_outer.o(.text)
    exit                                     0x00000471   Thumb Code    18  exit.o(.text)
    __user_libspace                          0x00000485   Thumb Code     8  libspace.o(.text)
    __user_perproc_libspace                  0x00000485   Thumb Code     0  libspace.o(.text)
    __user_perthread_libspace                0x00000485   Thumb Code     0  libspace.o(.text)
    _sys_exit                                0x0000048d   Thumb Code     8  sys_exit.o(.text)
    __I$use$semihosting                      0x00000499   Thumb Code     0  use_no_semi.o(.text)
    __use_no_semihosting_swi                 0x00000499   Thumb Code     2  use_no_semi.o(.text)
    __semihosting_library_function           0x0000049b   Thumb Code     0  indicate_semi.o(.text)
    APP_longSide                             0x0000049d   Thumb Code    66  app.o(i.APP_longSide)
    APP_longSideLed                          0x000004e5   Thumb Code    48  app.o(i.APP_longSideLed)
    APP_shortSide                            0x00000515   Thumb Code    78  app.o(i.APP_shortSide)
    APP_startState                           0x00000569   Thumb Code   198  app.o(i.APP_startState)
    APP_stop                                 0x00000639   Thumb Code    22  app.o(i.APP_stop)
    APP_stopState                            0x00000651   Thumb Code    70  app.o(i.APP_stopState)
    APP_vidInit                              0x000006a5   Thumb Code    60  app.o(i.APP_vidInit)
    APP_vidStart                             0x000006f1   Thumb Code    32  app.o(i.APP_vidStart)
    App_rotate                               0x00000715   Thumb Code    78  app.o(i.App_rotate)
    GPIOF_Handler                            0x00000769   Thumb Code    80  exit_prog.o(i.GPIOF_Handler)
    GPT_u8Delay_ms                           0x000007c1   Thumb Code   576  gpt_source.o(i.GPT_u8Delay_ms)
    GPT_u8Init                               0x00000a1d   Thumb Code  1098  gpt_source.o(i.GPT_u8Init)
    GPT_u8Start                              0x00000e69   Thumb Code    72  gpt_source.o(i.GPT_u8Start)
    GPT_vidStop                              0x00000ebd   Thumb Code    54  gpt_source.o(i.GPT_vidStop)
    HButton_Init                             0x00000efd   Thumb Code    68  button.o(i.HButton_Init)
    HButton_disable_INT                      0x00000f45   Thumb Code    34  button.o(i.HButton_disable_INT)
    HButton_enable_INT                       0x00000f67   Thumb Code    34  button.o(i.HButton_enable_INT)
    HButton_getPinVal                        0x00000f89   Thumb Code   102  button.o(i.HButton_getPinVal)
    HButton_initializa_with_int              0x00000ff5   Thumb Code    78  button.o(i.HButton_initializa_with_int)
    HLED_Init                                0x00001045   Thumb Code   136  led.o(i.HLED_Init)
    HLED_off                                 0x000010d5   Thumb Code    40  led.o(i.HLED_off)
    HLED_on                                  0x00001101   Thumb Code    40  led.o(i.HLED_on)
    SystemInit                               0x0000112d   Thumb Code    92  system_tm4c123.o(i.SystemInit)
    TIMER0A_Handler                          0x000011a5   Thumb Code    28  gpt_source.o(i.TIMER0A_Handler)
    TIMER1A_Handler                          0x000011c9   Thumb Code    28  gpt_source.o(i.TIMER1A_Handler)
    TIMER2A_Handler                          0x000011ed   Thumb Code    16  gpt_source.o(i.TIMER2A_Handler)
    TIMER3A_Handler                          0x00001201   Thumb Code    16  gpt_source.o(i.TIMER3A_Handler)
    TIMER4A_Handler                          0x00001215   Thumb Code    16  gpt_source.o(i.TIMER4A_Handler)
    TIMER5A_Handler                          0x00001229   Thumb Code    16  gpt_source.o(i.TIMER5A_Handler)
    TIMM_u8Init                              0x0000123d   Thumb Code    18  timerm_program.o(i.TIMM_u8Init)
    TIMM_u8Start                             0x0000124f   Thumb Code    18  timerm_program.o(i.TIMM_u8Start)
    TIMM_vidStop                             0x00001261   Thumb Code    12  timerm_program.o(i.TIMM_vidStop)
    TIMM_vidSynchDelay_ms                    0x0000126d   Thumb Code    22  timerm_program.o(i.TIMM_vidSynchDelay_ms)
    btn_stop_cbf                             0x000012a5   Thumb Code    18  app.o(i.btn_stop_cbf)
    dio_enable_clock                         0x000012c5   Thumb Code    24  dio_prog.o(i.dio_enable_clock)
    dio_init_pin                             0x00001329   Thumb Code   234  dio_prog.o(i.dio_init_pin)
    dio_read_pin                             0x00001413   Thumb Code    50  dio_prog.o(i.dio_read_pin)
    dio_set_pin                              0x00001445   Thumb Code   100  dio_prog.o(i.dio_set_pin)
    dio_unlock_special_pin                   0x000014a9   Thumb Code    50  dio_prog.o(i.dio_unlock_special_pin)
    exit_disable_int                         0x000014e1   Thumb Code    42  exit_prog.o(i.exit_disable_int)
    exit_enable_int                          0x0000150b   Thumb Code    42  exit_prog.o(i.exit_enable_int)
    exit_init_pin                            0x0000157d   Thumb Code   312  exit_prog.o(i.exit_init_pin)
    exit_set_callback                        0x000016b9   Thumb Code    22  exit_prog.o(i.exit_set_callback)
    main                                     0x000016d5   Thumb Code    14  main.o(i.main)
    nvic_EnablePeripheral                    0x000016e5   Thumb Code   132  nvic_prog.o(i.nvic_EnablePeripheral)
    timer_1_cbf                              0x00001935   Thumb Code    12  app.o(i.timer_1_cbf)
    timer_2_cbf                              0x00001945   Thumb Code    12  app.o(i.timer_2_cbf)
    _fp_init                                 0x00001955   Thumb Code    10  fpinit.o(x$fpl$fpinit)
    __fplib_config_fpu_vfp                   0x0000195d   Thumb Code     0  fpinit.o(x$fpl$fpinit)
    __fplib_config_pureend_doubles           0x0000195d   Thumb Code     0  fpinit.o(x$fpl$fpinit)
    Region$$Table$$Base                      0x00001970   Number         0  anon$$obj.o(Region$$Table)
    Region$$Table$$Limit                     0x00001990   Number         0  anon$$obj.o(Region$$Table)
    u8_gv_delay                              0x20000001   Data           1  app.o(.data)
    u8_gv_pwm                                0x20000002   Data           1  app.o(.data)
    arr_str_g_led_config                     0x20000003   Data           9  app.o(.data)
    arr_str_g_btn_config                     0x2000000c   Data           8  app.o(.data)
    arr_st_g_gpt_timer_cfg                   0x20000014   Data          32  app.o(.data)
    str_led_output_type_and_speed_and_state  0x20000034   Data           3  led.o(.data)
    SystemCoreClock                          0x20000088   Data           4  system_tm4c123.o(.data)
    str_dio_led_init                         0x2000008c   Data          30  led.o(.bss)
    __libspace_start                         0x200000c8   Data          96  libspace.o(.bss)
    __temporary_stack_top$libspace           0x20000128   Data           0  libspace.o(.bss)



==============================================================================

Memory Map of the image

  Image Entry point : 0x0000030d

  Load Region LR_1 (Base: 0x00000000, Size: 0x00001a1c, Max: 0xffffffff, ABSOLUTE)

    Execution Region ER_RO (Exec base: 0x00000000, Load base: 0x00000000, Size: 0x00001990, Max: 0xffffffff, ABSOLUTE)

    Exec Addr    Load Addr    Size         Type   Attr      Idx    E Section Name        Object

    0x00000000   0x00000000   0x0000026c   Data   RO          696    RESET               startup_tm4c123.o
    0x0000026c   0x0000026c   0x00000008   Code   RO          750  * !!!main             c_w.l(__main.o)
    0x00000274   0x00000274   0x00000034   Code   RO          942    !!!scatter          c_w.l(__scatter.o)
    0x000002a8   0x000002a8   0x0000001a   Code   RO          944    !!handler_copy      c_w.l(__scatter_copy.o)
    0x000002c2   0x000002c2   0x00000002   PAD
    0x000002c4   0x000002c4   0x0000001c   Code   RO          946    !!handler_zi        c_w.l(__scatter_zi.o)
    0x000002e0   0x000002e0   0x00000002   Code   RO          812    .ARM.Collect$$libinit$$00000000  c_w.l(libinit.o)
    0x000002e2   0x000002e2   0x00000004   Code   RO          818    .ARM.Collect$$libinit$$00000001  c_w.l(libinit2.o)
    0x000002e6   0x000002e6   0x00000000   Code   RO          821    .ARM.Collect$$libinit$$00000004  c_w.l(libinit2.o)
    0x000002e6   0x000002e6   0x00000000   Code   RO          824    .ARM.Collect$$libinit$$0000000A  c_w.l(libinit2.o)
    0x000002e6   0x000002e6   0x00000000   Code   RO          826    .ARM.Collect$$libinit$$0000000C  c_w.l(libinit2.o)
    0x000002e6   0x000002e6   0x00000000   Code   RO          828    .ARM.Collect$$libinit$$0000000E  c_w.l(libinit2.o)
    0x000002e6   0x000002e6   0x00000000   Code   RO          831    .ARM.Collect$$libinit$$00000011  c_w.l(libinit2.o)
    0x000002e6   0x000002e6   0x00000000   Code   RO          833    .ARM.Collect$$libinit$$00000013  c_w.l(libinit2.o)
    0x000002e6   0x000002e6   0x00000000   Code   RO          835    .ARM.Collect$$libinit$$00000015  c_w.l(libinit2.o)
    0x000002e6   0x000002e6   0x00000000   Code   RO          837    .ARM.Collect$$libinit$$00000017  c_w.l(libinit2.o)
    0x000002e6   0x000002e6   0x00000000   Code   RO          839    .ARM.Collect$$libinit$$00000019  c_w.l(libinit2.o)
    0x000002e6   0x000002e6   0x00000000   Code   RO          841    .ARM.Collect$$libinit$$0000001B  c_w.l(libinit2.o)
    0x000002e6   0x000002e6   0x00000000   Code   RO          843    .ARM.Collect$$libinit$$0000001D  c_w.l(libinit2.o)
    0x000002e6   0x000002e6   0x00000000   Code   RO          845    .ARM.Collect$$libinit$$0000001F  c_w.l(libinit2.o)
    0x000002e6   0x000002e6   0x00000000   Code   RO          847    .ARM.Collect$$libinit$$00000021  c_w.l(libinit2.o)
    0x000002e6   0x000002e6   0x00000000   Code   RO          849    .ARM.Collect$$libinit$$00000023  c_w.l(libinit2.o)
    0x000002e6   0x000002e6   0x00000000   Code   RO          851    .ARM.Collect$$libinit$$00000025  c_w.l(libinit2.o)
    0x000002e6   0x000002e6   0x00000000   Code   RO          855    .ARM.Collect$$libinit$$0000002C  c_w.l(libinit2.o)
    0x000002e6   0x000002e6   0x00000000   Code   RO          857    .ARM.Collect$$libinit$$0000002E  c_w.l(libinit2.o)
    0x000002e6   0x000002e6   0x00000000   Code   RO          859    .ARM.Collect$$libinit$$00000030  c_w.l(libinit2.o)
    0x000002e6   0x000002e6   0x00000000   Code   RO          861    .ARM.Collect$$libinit$$00000032  c_w.l(libinit2.o)
    0x000002e6   0x000002e6   0x00000002   Code   RO          862    .ARM.Collect$$libinit$$00000033  c_w.l(libinit2.o)
    0x000002e8   0x000002e8   0x00000002   Code   RO          882    .ARM.Collect$$libshutdown$$00000000  c_w.l(libshutdown.o)
    0x000002ea   0x000002ea   0x00000000   Code   RO          895    .ARM.Collect$$libshutdown$$00000002  c_w.l(libshutdown2.o)
    0x000002ea   0x000002ea   0x00000000   Code   RO          897    .ARM.Collect$$libshutdown$$00000004  c_w.l(libshutdown2.o)
    0x000002ea   0x000002ea   0x00000000   Code   RO          900    .ARM.Collect$$libshutdown$$00000007  c_w.l(libshutdown2.o)
    0x000002ea   0x000002ea   0x00000000   Code   RO          903    .ARM.Collect$$libshutdown$$0000000A  c_w.l(libshutdown2.o)
    0x000002ea   0x000002ea   0x00000000   Code   RO          905    .ARM.Collect$$libshutdown$$0000000C  c_w.l(libshutdown2.o)
    0x000002ea   0x000002ea   0x00000000   Code   RO          908    .ARM.Collect$$libshutdown$$0000000F  c_w.l(libshutdown2.o)
    0x000002ea   0x000002ea   0x00000002   Code   RO          909    .ARM.Collect$$libshutdown$$00000010  c_w.l(libshutdown2.o)
    0x000002ec   0x000002ec   0x00000000   Code   RO          782    .ARM.Collect$$rtentry$$00000000  c_w.l(__rtentry.o)
    0x000002ec   0x000002ec   0x00000000   Code   RO          789    .ARM.Collect$$rtentry$$00000002  c_w.l(__rtentry2.o)
    0x000002ec   0x000002ec   0x00000006   Code   RO          801    .ARM.Collect$$rtentry$$00000004  c_w.l(__rtentry4.o)
    0x000002f2   0x000002f2   0x00000000   Code   RO          791    .ARM.Collect$$rtentry$$00000009  c_w.l(__rtentry2.o)
    0x000002f2   0x000002f2   0x00000004   Code   RO          792    .ARM.Collect$$rtentry$$0000000A  c_w.l(__rtentry2.o)
    0x000002f6   0x000002f6   0x00000000   Code   RO          794    .ARM.Collect$$rtentry$$0000000C  c_w.l(__rtentry2.o)
    0x000002f6   0x000002f6   0x00000008   Code   RO          795    .ARM.Collect$$rtentry$$0000000D  c_w.l(__rtentry2.o)
    0x000002fe   0x000002fe   0x00000002   Code   RO          816    .ARM.Collect$$rtexit$$00000000  c_w.l(rtexit.o)
    0x00000300   0x00000300   0x00000000   Code   RO          864    .ARM.Collect$$rtexit$$00000002  c_w.l(rtexit2.o)
    0x00000300   0x00000300   0x00000004   Code   RO          865    .ARM.Collect$$rtexit$$00000003  c_w.l(rtexit2.o)
    0x00000304   0x00000304   0x00000006   Code   RO          866    .ARM.Collect$$rtexit$$00000004  c_w.l(rtexit2.o)
    0x0000030a   0x0000030a   0x00000002   PAD
    0x0000030c   0x0000030c   0x00000114   Code   RO          697  * .text               startup_tm4c123.o
    0x00000420   0x00000420   0x00000006   Code   RO          748    .text               c_w.l(heapauxi.o)
    0x00000426   0x00000426   0x0000004a   Code   RO          803    .text               c_w.l(sys_stackheap_outer.o)
    0x00000470   0x00000470   0x00000012   Code   RO          805    .text               c_w.l(exit.o)
    0x00000482   0x00000482   0x00000002   PAD
    0x00000484   0x00000484   0x00000008   Code   RO          813    .text               c_w.l(libspace.o)
    0x0000048c   0x0000048c   0x0000000c   Code   RO          874    .text               c_w.l(sys_exit.o)
    0x00000498   0x00000498   0x00000002   Code   RO          885    .text               c_w.l(use_no_semi.o)
    0x0000049a   0x0000049a   0x00000000   Code   RO          887    .text               c_w.l(indicate_semi.o)
    0x0000049a   0x0000049a   0x00000002   PAD
    0x0000049c   0x0000049c   0x00000048   Code   RO            1    i.APP_longSide      app.o
    0x000004e4   0x000004e4   0x00000030   Code   RO            2    i.APP_longSideLed   app.o
    0x00000514   0x00000514   0x00000054   Code   RO            3    i.APP_shortSide     app.o
    0x00000568   0x00000568   0x000000d0   Code   RO            4    i.APP_startState    app.o
    0x00000638   0x00000638   0x00000016   Code   RO            5    i.APP_stop          app.o
    0x0000064e   0x0000064e   0x00000002   PAD
    0x00000650   0x00000650   0x00000054   Code   RO            6    i.APP_stopState     app.o
    0x000006a4   0x000006a4   0x0000004c   Code   RO            7    i.APP_vidInit       app.o
    0x000006f0   0x000006f0   0x00000024   Code   RO            8    i.APP_vidStart      app.o
    0x00000714   0x00000714   0x00000054   Code   RO            9    i.App_rotate        app.o
    0x00000768   0x00000768   0x00000058   Code   RO          381    i.GPIOF_Handler     exit_prog.o
    0x000007c0   0x000007c0   0x0000025c   Code   RO          443    i.GPT_u8Delay_ms    gpt_source.o
    0x00000a1c   0x00000a1c   0x0000044a   Code   RO          449    i.GPT_u8Init        gpt_source.o
    0x00000e66   0x00000e66   0x00000002   PAD
    0x00000e68   0x00000e68   0x00000054   Code   RO          453    i.GPT_u8Start       gpt_source.o
    0x00000ebc   0x00000ebc   0x00000040   Code   RO          456    i.GPT_vidStop       gpt_source.o
    0x00000efc   0x00000efc   0x00000048   Code   RO          121    i.HButton_Init      button.o
    0x00000f44   0x00000f44   0x00000022   Code   RO          122    i.HButton_disable_INT  button.o
    0x00000f66   0x00000f66   0x00000022   Code   RO          123    i.HButton_enable_INT  button.o
    0x00000f88   0x00000f88   0x0000006c   Code   RO          124    i.HButton_getPinVal  button.o
    0x00000ff4   0x00000ff4   0x0000004e   Code   RO          125    i.HButton_initializa_with_int  button.o
    0x00001042   0x00001042   0x00000002   PAD
    0x00001044   0x00001044   0x00000090   Code   RO          167    i.HLED_Init         led.o
    0x000010d4   0x000010d4   0x0000002c   Code   RO          168    i.HLED_off          led.o
    0x00001100   0x00001100   0x0000002c   Code   RO          169    i.HLED_on           led.o
    0x0000112c   0x0000112c   0x00000078   Code   RO          705    i.SystemInit        system_tm4c123.o
    0x000011a4   0x000011a4   0x00000024   Code   RO          457    i.TIMER0A_Handler   gpt_source.o
    0x000011c8   0x000011c8   0x00000024   Code   RO          458    i.TIMER1A_Handler   gpt_source.o
    0x000011ec   0x000011ec   0x00000014   Code   RO          459    i.TIMER2A_Handler   gpt_source.o
    0x00001200   0x00001200   0x00000014   Code   RO          460    i.TIMER3A_Handler   gpt_source.o
    0x00001214   0x00001214   0x00000014   Code   RO          461    i.TIMER4A_Handler   gpt_source.o
    0x00001228   0x00001228   0x00000014   Code   RO          462    i.TIMER5A_Handler   gpt_source.o
    0x0000123c   0x0000123c   0x00000012   Code   RO          277    i.TIMM_u8Init       timerm_program.o
    0x0000124e   0x0000124e   0x00000012   Code   RO          278    i.TIMM_u8Start      timerm_program.o
    0x00001260   0x00001260   0x0000000c   Code   RO          279    i.TIMM_vidStop      timerm_program.o
    0x0000126c   0x0000126c   0x00000016   Code   RO          280    i.TIMM_vidSynchDelay_ms  timerm_program.o
    0x00001282   0x00001282   0x00000022   Code   RO          463    i.__NVIC_EnableIRQ  gpt_source.o
    0x000012a4   0x000012a4   0x00000020   Code   RO           10    i.btn_stop_cbf      app.o
    0x000012c4   0x000012c4   0x0000001c   Code   RO          322    i.dio_enable_clock  dio_prog.o
    0x000012e0   0x000012e0   0x00000048   Code   RO          323    i.dio_get_base_address  dio_prog.o
    0x00001328   0x00001328   0x000000ea   Code   RO          324    i.dio_init_pin      dio_prog.o
    0x00001412   0x00001412   0x00000032   Code   RO          325    i.dio_read_pin      dio_prog.o
    0x00001444   0x00001444   0x00000064   Code   RO          326    i.dio_set_pin       dio_prog.o
    0x000014a8   0x000014a8   0x00000038   Code   RO          328    i.dio_unlock_special_pin  dio_prog.o
    0x000014e0   0x000014e0   0x0000002a   Code   RO          382    i.exit_disable_int  exit_prog.o
    0x0000150a   0x0000150a   0x0000002a   Code   RO          383    i.exit_enable_int   exit_prog.o
    0x00001534   0x00001534   0x00000048   Code   RO          384    i.exit_get_base_address  exit_prog.o
    0x0000157c   0x0000157c   0x0000013c   Code   RO          385    i.exit_init_pin     exit_prog.o
    0x000016b8   0x000016b8   0x0000001c   Code   RO          386    i.exit_set_callback  exit_prog.o
    0x000016d4   0x000016d4   0x0000000e   Code   RO          682    i.main              main.o
    0x000016e2   0x000016e2   0x00000002   PAD
    0x000016e4   0x000016e4   0x00000088   Code   RO          629    i.nvic_EnablePeripheral  nvic_prog.o
    0x0000176c   0x0000176c   0x000001c8   Code   RO          465    i.set_tick_time     gpt_source.o
    0x00001934   0x00001934   0x00000010   Code   RO           11    i.timer_1_cbf       app.o
    0x00001944   0x00001944   0x00000010   Code   RO           12    i.timer_2_cbf       app.o
    0x00001954   0x00001954   0x0000000a   Code   RO          872    x$fpl$fpinit        fz_wm.l(fpinit.o)
    0x0000195e   0x0000195e   0x00000002   PAD
    0x00001960   0x00001960   0x0000000e   Data   RO          126    .constdata          button.o
    0x0000196e   0x0000196e   0x00000002   PAD
    0x00001970   0x00001970   0x00000020   Data   RO          940    Region$$Table       anon$$obj.o


    Execution Region ER_RW (Exec base: 0x20000000, Load base: 0x00001990, Size: 0x0000008c, Max: 0xffffffff, ABSOLUTE)

    Exec Addr    Load Addr    Size         Type   Attr      Idx    E Section Name        Object

    0x20000000   0x00001990   0x00000034   Data   RW           14    .data               app.o
    0x20000034   0x000019c4   0x00000003   Data   RW          172    .data               led.o
    0x20000037   0x000019c7   0x00000002   Data   RW          388    .data               exit_prog.o
    0x20000039   0x000019c9   0x00000007   PAD
    0x20000040   0x000019d0   0x00000046   Data   RW          466    .data               gpt_source.o
    0x20000086   0x00001a16   0x00000002   PAD
    0x20000088   0x00001a18   0x00000004   Data   RW          707    .data               system_tm4c123.o


    Execution Region ER_ZI (Exec base: 0x2000008c, Load base: 0x00001a1c, Size: 0x0000029c, Max: 0xffffffff, ABSOLUTE)

    Exec Addr    Load Addr    Size         Type   Attr      Idx    E Section Name        Object

    0x2000008c        -       0x0000001e   Zero   RW          171    .bss                led.o
    0x200000aa   0x00001a1c   0x00000002   PAD
    0x200000ac        -       0x0000001c   Zero   RW          387    .bss                exit_prog.o
    0x200000c8        -       0x00000060   Zero   RW          814    .bss                c_w.l(libspace.o)
    0x20000128        -       0x00000000   Zero   RW          695    HEAP                startup_tm4c123.o
    0x20000128        -       0x00000200   Zero   RW          694    STACK               startup_tm4c123.o


==============================================================================

Image component sizes


      Code (inc. data)   RO Data    RW Data    ZI Data      Debug   Object Name

       778         84          0         52          0      16165   app.o
       326         10         14          0          0       7192   button.o
       540         38          0          0          0       6900   dio_prog.o
       588         52          0          2         28       6329   exit_prog.o
      2492        164          0         70          0      36415   gpt_source.o
       232         16          0          3         30       3764   led.o
        14          0          0          0          0        487   main.o
       136          4          0          0          0       1592   nvic_prog.o
       276         24        620          0        512       5476   startup_tm4c123.o
       120         28          0          4          0        879   system_tm4c123.o
        70          0          0          0          0       4748   timerm_program.o

    ----------------------------------------------------------------------
      5580        420        668        140        572      89947   Object Totals
         0          0         32          0          0          0   (incl. Generated)
         8          0          2          9          2          0   (incl. Padding)

    ----------------------------------------------------------------------

      Code (inc. data)   RO Data    RW Data    ZI Data      Debug   Library Member Name

         8          0          0          0          0         68   __main.o
         0          0          0          0          0          0   __rtentry.o
        12          0          0          0          0          0   __rtentry2.o
         6          0          0          0          0          0   __rtentry4.o
        52          8          0          0          0          0   __scatter.o
        26          0          0          0          0          0   __scatter_copy.o
        28          0          0          0          0          0   __scatter_zi.o
        18          0          0          0          0         80   exit.o
         6          0          0          0          0        152   heapauxi.o
         0          0          0          0          0          0   indicate_semi.o
         2          0          0          0          0          0   libinit.o
         6          0          0          0          0          0   libinit2.o
         2          0          0          0          0          0   libshutdown.o
         2          0          0          0          0          0   libshutdown2.o
         8          4          0          0         96         68   libspace.o
         2          0          0          0          0          0   rtexit.o
        10          0          0          0          0          0   rtexit2.o
        12          4          0          0          0         68   sys_exit.o
        74          0          0          0          0         80   sys_stackheap_outer.o
         2          0          0          0          0         68   use_no_semi.o
        10          0          0          0          0        116   fpinit.o

    ----------------------------------------------------------------------
       296         16          0          0         96        700   Library Totals
        10          0          0          0          0          0   (incl. Padding)

    ----------------------------------------------------------------------

      Code (inc. data)   RO Data    RW Data    ZI Data      Debug   Library Name

       276         16          0          0         96        584   c_w.l
        10          0          0          0          0        116   fz_wm.l

    ----------------------------------------------------------------------
       296         16          0          0         96        700   Library Totals

    ----------------------------------------------------------------------

==============================================================================


      Code (inc. data)   RO Data    RW Data    ZI Data      Debug   

      5876        436        668        140        668      85791   Grand Totals
      5876        436        668        140        668      85791   ELF Image Totals
      5876        436        668        140          0          0   ROM Totals

==============================================================================

    Total RO  Size (Code + RO Data)                 6544 (   6.39kB)
    Total RW  Size (RW Data + ZI Data)               808 (   0.79kB)
    Total ROM Size (Code + RO Data + RW Data)       6684 (   6.53kB)

==============================================================================

